Archive member included because of file (symbol)

.\CortexM0\ARM_GCC_484\Debug\IDAC_BLE2.a(cyfitter_cfg.o)
                              .\CortexM0\ARM_GCC_484\Debug\Cm0Start.o (cyfitter_cfg)
.\CortexM0\ARM_GCC_484\Debug\IDAC_BLE2.a(Disconnect_LED.o)
                              .\CortexM0\ARM_GCC_484\Debug\main.o (Disconnect_LED_Write)
.\CortexM0\ARM_GCC_484\Debug\IDAC_BLE2.a(Advertising_LED.o)
                              .\CortexM0\ARM_GCC_484\Debug\main.o (Advertising_LED_Write)
.\CortexM0\ARM_GCC_484\Debug\IDAC_BLE2.a(BLE.o)
                              .\CortexM0\ARM_GCC_484\Debug\main.o (CyBle_Start)
.\CortexM0\ARM_GCC_484\Debug\IDAC_BLE2.a(BLE_gatt.o)
                              .\CortexM0\ARM_GCC_484\Debug\main.o (cyBle_state)
.\CortexM0\ARM_GCC_484\Debug\IDAC_BLE2.a(BLE_eventHandler.o)
                              .\CortexM0\ARM_GCC_484\Debug\main.o (cyBle_connHandle)
.\CortexM0\ARM_GCC_484\Debug\IDAC_BLE2.a(BLE_custom.o)
                              .\CortexM0\ARM_GCC_484\Debug\IDAC_BLE2.a(BLE.o) (CyBle_CustomInit)
.\CortexM0\ARM_GCC_484\Debug\IDAC_BLE2.a(IDAC.o)
                              .\CortexM0\ARM_GCC_484\Debug\main.o (IDAC_Start)
.\CortexM0\ARM_GCC_484\Debug\IDAC_BLE2.a(Connect_LED.o)
                              .\CortexM0\ARM_GCC_484\Debug\main.o (Connect_LED_Write)
.\CortexM0\ARM_GCC_484\Debug\IDAC_BLE2.a(CyBootAsmGnu.o)
                              .\CortexM0\ARM_GCC_484\Debug\IDAC_BLE2.a(cyfitter_cfg.o) (CyDelayCycles)
.\CortexM0\ARM_GCC_484\Debug\IDAC_BLE2.a(CyLib.o)
                              .\CortexM0\ARM_GCC_484\Debug\IDAC_BLE2.a(cyfitter_cfg.o) (CySysClkWriteImoFreq)
.\CortexM0\ARM_GCC_484\Debug\IDAC_BLE2.a(cyPm.o)
                              .\CortexM0\ARM_GCC_484\Debug\main.o (CySysPmSetWakeupPolarity)
.\CortexM0\ARM_GCC_484\Debug\IDAC_BLE2.a(CyLFClk.o)
                              .\CortexM0\ARM_GCC_484\Debug\IDAC_BLE2.a(cyfitter_cfg.o) (CySysClkWcoStart)
.\CortexM0\ARM_GCC_484\Debug\IDAC_BLE2.a(Pin_1.o)
                              .\CortexM0\ARM_GCC_484\Debug\main.o (Pin_1_Write)
C:\Program Files (x86)\Cypress\PSoC Creator\3.2\PSoC Creator\psoc\content\cycomponentlibrary\CyComponentLibrary.cylib\BLE_v2_0\Library\gccCyBLEStack_BLE_SOC_PERIPHERAL.a(CyBle.o)
                              .\CortexM0\ARM_GCC_484\Debug\main.o (CyBle_ProcessEvents)
C:\Program Files (x86)\Cypress\PSoC Creator\3.2\PSoC Creator\psoc\content\cycomponentlibrary\CyComponentLibrary.cylib\BLE_v2_0\Library\gccCyBLEStack_BLE_SOC_PERIPHERAL.a(CyBleStackMgrIP_Interface.o)
                              C:\Program Files (x86)\Cypress\PSoC Creator\3.2\PSoC Creator\psoc\content\cycomponentlibrary\CyComponentLibrary.cylib\BLE_v2_0\Library\gccCyBLEStack_BLE_SOC_PERIPHERAL.a(CyBle.o) (CyBleStackMgr_Init)
C:\Program Files (x86)\Cypress\PSoC Creator\3.2\PSoC Creator\psoc\content\cycomponentlibrary\CyComponentLibrary.cylib\BLE_v2_0\Library\gccCyBLEStack_BLE_SOC_PERIPHERAL.a(BT_os.o)
                              C:\Program Files (x86)\Cypress\PSoC Creator\3.2\PSoC Creator\psoc\content\cycomponentlibrary\CyComponentLibrary.cylib\BLE_v2_0\Library\gccCyBLEStack_BLE_SOC_PERIPHERAL.a(CyBleStackMgrIP_Interface.o) (cyBleStackMemoryConfig)
C:\Program Files (x86)\Cypress\PSoC Creator\3.2\PSoC Creator\psoc\content\cycomponentlibrary\CyComponentLibrary.cylib\BLE_v2_0\Library\gccCyBLEStack_BLE_SOC_PERIPHERAL.a(CyBleStackMgr_StackTaskHandler.o)
                              C:\Program Files (x86)\Cypress\PSoC Creator\3.2\PSoC Creator\psoc\content\cycomponentlibrary\CyComponentLibrary.cylib\BLE_v2_0\Library\gccCyBLEStack_BLE_SOC_PERIPHERAL.a(CyBleStackMgrIP_Interface.o) (CyBle_CreateBleStackTask)
C:\Program Files (x86)\Cypress\PSoC Creator\3.2\PSoC Creator\psoc\content\cycomponentlibrary\CyComponentLibrary.cylib\BLE_v2_0\Library\gccCyBLEStack_BLE_SOC_PERIPHERAL.a(transport_sf.o)
                              C:\Program Files (x86)\Cypress\PSoC Creator\3.2\PSoC Creator\psoc\content\cycomponentlibrary\CyComponentLibrary.cylib\BLE_v2_0\Library\gccCyBLEStack_BLE_SOC_PERIPHERAL.a(CyBleStackMgr_StackTaskHandler.o) (hci_soft_transport_notify_data_received)
C:\Program Files (x86)\Cypress\PSoC Creator\3.2\PSoC Creator\psoc\content\cycomponentlibrary\CyComponentLibrary.cylib\BLE_v2_0\Library\gccCyBLEStack_BLE_SOC_PERIPHERAL.a(CyBleStackMgr_PSoCHal.o)
                              C:\Program Files (x86)\Cypress\PSoC Creator\3.2\PSoC Creator\psoc\content\cycomponentlibrary\CyComponentLibrary.cylib\BLE_v2_0\Library\gccCyBLEStack_BLE_SOC_PERIPHERAL.a(CyBleStackMgrIP_Interface.o) (CyBleStackMgr_HalInit)
C:\Program Files (x86)\Cypress\PSoC Creator\3.2\PSoC Creator\psoc\content\cycomponentlibrary\CyComponentLibrary.cylib\BLE_v2_0\Library\gccCyBLEStack_BLE_SOC_PERIPHERAL.a(CyBleStackMgr_BleSSDriver.o)
[...]
Memory Configuration

Name             Origin             Length             Attributes
rom              0x00000000         0x00020000         xr
ram              0x20000000         0x00004000         xrw
*default*        0x00000000         0xffffffff

Linker script and memory map

LOAD c:/program files (x86)/cypress/psoc creator/3.2/psoc creator/import/gnu/arm/4.8.4/bin/../lib/gcc/arm-none-eabi/4.8.4/armv6-m/crti.o
LOAD c:/program files (x86)/cypress/psoc creator/3.2/psoc creator/import/gnu/arm/4.8.4/bin/../lib/gcc/arm-none-eabi/4.8.4/armv6-m/crtbegin.o
LOAD c:/program files (x86)/cypress/psoc creator/3.2/psoc creator/import/gnu/arm/4.8.4/bin/../lib/gcc/arm-none-eabi/4.8.4/../../../../arm-none-eabi/lib/armv6-m/crt0.o
START GROUP
LOAD .\CortexM0\ARM_GCC_484\Debug\main.o
LOAD .\CortexM0\ARM_GCC_484\Debug\cymetadata.o
LOAD .\CortexM0\ARM_GCC_484\Debug\Cm0Start.o
LOAD .\CortexM0\ARM_GCC_484\Debug\IDAC_BLE2.a
LOAD C:\Program Files (x86)\Cypress\PSoC Creator\3.2\PSoC Creator\psoc\content\cycomponentlibrary\CyComponentLibrary.cylib\BLE_v2_0\Library\gccCyBLEStack_BLE_SOC_PERIPHERAL.a
LOAD C:\Program Files (x86)\Cypress\PSoC Creator\3.2\PSoC Creator\psoc\content\cycomponentlibrary\CyComponentLibrary.cylib\CortexM0\ARM_GCC_484\Debug\CyComponentLibrary.a
END GROUP
START GROUP
LOAD c:/program files (x86)/cypress/psoc creator/3.2/psoc creator/import/gnu/arm/4.8.4/bin/../lib/gcc/arm-none-eabi/4.8.4/armv6-m\libgcc.a
LOAD c:/program files (x86)/cypress/psoc creator/3.2/psoc creator/import/gnu/arm/4.8.4/bin/../lib/gcc/arm-none-eabi/4.8.4/../../../../arm-none-eabi/lib/armv6-m\libg_s.a
LOAD c:/program files (x86)/cypress/psoc creator/3.2/psoc creator/import/gnu/arm/4.8.4/bin/../lib/gcc/arm-none-eabi/4.8.4/../../../../arm-none-eabi/lib/armv6-m\libc_s.a
END GROUP
START GROUP
LOAD c:/program files (x86)/cypress/psoc creator/3.2/psoc creator/import/gnu/arm/4.8.4/bin/../lib/gcc/arm-none-eabi/4.8.4/armv6-m\libgcc.a
LOAD c:/program files (x86)/cypress/psoc creator/3.2/psoc creator/import/gnu/arm/4.8.4/bin/../lib/gcc/arm-none-eabi/4.8.4/../../../../arm-none-eabi/lib/armv6-m\libc_s.a
END GROUP
LOAD c:/program files (x86)/cypress/psoc creator/3.2/psoc creator/import/gnu/arm/4.8.4/bin/../lib/gcc/arm-none-eabi/4.8.4/armv6-m/crtend.o
LOAD c:/program files (x86)/cypress/psoc creator/3.2/psoc creator/import/gnu/arm/4.8.4/bin/../lib/gcc/arm-none-eabi/4.8.4/armv6-m/crtn.o
START GROUP
LOAD c:/program files (x86)/cypress/psoc creator/3.2/psoc creator/import/gnu/arm/4.8.4/bin/../lib/gcc/arm-none-eabi/4.8.4/armv6-m\libgcc.a
LOAD c:/program files (x86)/cypress/psoc creator/3.2/psoc creator/import/gnu/arm/4.8.4/bin/../lib/gcc/arm-none-eabi/4.8.4/../../../../arm-none-eabi/lib/armv6-m\libc.a
LOAD c:/program files (x86)/cypress/psoc creator/3.2/psoc creator/import/gnu/arm/4.8.4/bin/../lib/gcc/arm-none-eabi/4.8.4/../../../../arm-none-eabi/lib/armv6-m\libnosys.a
END GROUP
                0x00000000                CY_APPL_ORIGIN = 0x0
                0x00000080                CY_FLASH_ROW_SIZE = 0x80
                0x00000001                CY_APPL_NUM = 0x1
                0x00000040                CY_METADATA_SIZE = 0x40
                0x20001d48                PROVIDE (__cy_heap_start, _end)
                0x00000001                PROVIDE (__cy_region_num, ((__cy_regions_end - __cy_regions) / 0x10))
                0x20004000                PROVIDE (__cy_stack, (ORIGIN (ram) + 0x4000))
                0x20003800                PROVIDE (__cy_heap_end, (__cy_stack - 0x800))

.cybootloader   0x00000000        0x0
 *(.cybootloader)
                0x00000000                appl1_start = CY_APPL_ORIGIN?CY_APPL_ORIGIN:ALIGN (CY_FLASH_ROW_SIZE)
                0x0000ff80                appl2_start = (appl1_start + ALIGN ((((0x20000 - appl1_start) - (0x2 * CY_FLASH_ROW_SIZE)) / 0x2), CY_FLASH_ROW_SIZE))
                0x00000000                appl_start = (CY_APPL_NUM == 0x1)?appl1_start:appl2_start

.text           0x00000000     0x1298
 CREATE_OBJECT_SYMBOLS
                0x00000000                PROVIDE (__cy_interrupt_vector, RomVectors)
 *(.romvectors)
 .romvectors    0x00000000       0x10 .\CortexM0\ARM_GCC_484\Debug\Cm0Start.o
                0x00000000                RomVectors
                0x00000001                ASSERT ((. != __cy_interrupt_vector), No interrupt vector)
                0x00000001                ASSERT (CY_APPL_ORIGIN?(SIZEOF (.cybootloader) <= CY_APPL_ORIGIN):0x1, Wrong image location)
                0x00000010                PROVIDE (__cy_reset, Reset)
 *(.text.Reset)
 .text.Reset    0x00000010        0x8 .\CortexM0\ARM_GCC_484\Debug\Cm0Start.o
                0x00000010                Reset
                0x00000001                ASSERT ((. != __cy_reset), No reset code)
 *(.psocinit)
 .psocinit      0x00000018      0x1a4 .\CortexM0\ARM_GCC_484\Debug\IDAC_BLE2.a(cyfitter_cfg.o)
                0x000000c4                cyfitter_cfg
                0x000001bc                . = MAX (., 0x100)
 *(.text .text.* .gnu.linkonce.t.*)
 .text          0x000001bc       0x60 c:/program files (x86)/cypress/psoc creator/3.2/psoc creator/import/gnu/arm/4.8.4/bin/../lib/gcc/arm-none-eabi/4.8.4/armv6-m/crtbegin.o
 .text.StackEventHandler
                0x0000021c       0xe4 .\CortexM0\ARM_GCC_484\Debug\main.o
                0x0000021c                StackEventHandler
 .text.motor_step
                0x00000300       0x24 .\CortexM0\ARM_GCC_484\Debug\main.o
                0x00000300                motor_step
 .text.LedVerify
                0x00000324       0x54 .\CortexM0\ARM_GCC_484\Debug\main.o
                0x00000324                LedVerify
 .text.main     0x00000378       0xc0 .\CortexM0\ARM_GCC_484\Debug\main.o
                0x00000378                main
 .text.IntDefaultHandler
                0x00000438        0x4 .\CortexM0\ARM_GCC_484\Debug\Cm0Start.o
                0x00000438                IntDefaultHandler
 .text.Start_c  0x0000043c       0x48 .\CortexM0\ARM_GCC_484\Debug\Cm0Start.o
                0x0000043c                Start_c
 .text.initialize_psoc
                0x00000484       0x58 .\CortexM0\ARM_GCC_484\Debug\Cm0Start.o
                0x00000484                initialize_psoc
 .text.cfg_write_bytes32
                0x000004dc       0x38 .\CortexM0\ARM_GCC_484\Debug\IDAC_BLE2.a(cyfitter_cfg.o)
 .text.CYMEMZERO
                0x00000514        0xc .\CortexM0\ARM_GCC_484\Debug\IDAC_BLE2.a(cyfitter_cfg.o)
 .text.SetAnalogRoutingPumps
                0x00000520       0x40 .\CortexM0\ARM_GCC_484\Debug\IDAC_BLE2.a(cyfitter_cfg.o)
                0x00000520                SetAnalogRoutingPumps
 .text.AnalogSetDefault
                0x00000560       0x30 .\CortexM0\ARM_GCC_484\Debug\IDAC_BLE2.a(cyfitter_cfg.o)
 .text.Disconnect_LED_Write
                0x00000590       0x18 .\CortexM0\ARM_GCC_484\Debug\IDAC_BLE2.a(Disconnect_LED.o)
                0x00000590                Disconnect_LED_Write
 .text.Advertising_LED_Write
                0x000005a8       0x18 .\CortexM0\ARM_GCC_484\Debug\IDAC_BLE2.a(Advertising_LED.o)
                0x000005a8                Advertising_LED_Write
 .text.CyBle_ServiceInit
                0x000005c0        0x8 .\CortexM0\ARM_GCC_484\Debug\IDAC_BLE2.a(BLE.o)
                0x000005c0                CyBle_ServiceInit
 .text.CyBle_Init
                0x000005c8       0x2c .\CortexM0\ARM_GCC_484\Debug\IDAC_BLE2.a(BLE.o)
                0x000005c8                CyBle_Init
 .text.CyBle_Start
                0x000005f4       0x7c .\CortexM0\ARM_GCC_484\Debug\IDAC_BLE2.a(BLE.o)
                0x000005f4                CyBle_Start
 .text.CyBle_GappStartAdvertisement
                0x00000670       0x84 .\CortexM0\ARM_GCC_484\Debug\IDAC_BLE2.a(BLE.o)
                0x00000670                CyBle_GappStartAdvertisement
 .text.CyBle_ChangeAdDeviceAddress
                0x000006f4        0x4 .\CortexM0\ARM_GCC_484\Debug\IDAC_BLE2.a(BLE.o)
                0x000006f4                CyBle_ChangeAdDeviceAddress
 .text.CyBle_Get16ByPtr
                0x000006f8        0xc .\CortexM0\ARM_GCC_484\Debug\IDAC_BLE2.a(BLE.o)
                0x000006f8                CyBle_Get16ByPtr
 .text.CyBle_GattsWriteEventHandler
                0x00000704       0x58 .\CortexM0\ARM_GCC_484\Debug\IDAC_BLE2.a(BLE_gatt.o)
                0x00000704                CyBle_GattsWriteEventHandler
 .text.CyBle_GattDisconnectEventHandler
                0x0000075c       0x10 .\CortexM0\ARM_GCC_484\Debug\IDAC_BLE2.a(BLE_eventHandler.o)
 .text.CyBle_IsDeviceAddressValid
                0x0000076c       0x24 .\CortexM0\ARM_GCC_484\Debug\IDAC_BLE2.a(BLE_eventHandler.o)
 .text.CyBle_WriteReqHandler
                0x00000790       0x38 .\CortexM0\ARM_GCC_484\Debug\IDAC_BLE2.a(BLE_eventHandler.o)
 .text.CyBle_EventHandler
                0x000007c8      0x218 .\CortexM0\ARM_GCC_484\Debug\IDAC_BLE2.a(BLE_eventHandler.o)
                0x000007c8                CyBle_EventHandler
 .text.CyBle_CustomInit
                0x000009e0        0x4 .\CortexM0\ARM_GCC_484\Debug\IDAC_BLE2.a(BLE_custom.o)
                0x000009e0                CyBle_CustomInit
 .text.IDAC_Init
                0x000009e4       0x54 .\CortexM0\ARM_GCC_484\Debug\IDAC_BLE2.a(IDAC.o)
                0x000009e4                IDAC_Init
 .text.IDAC_Enable
                0x00000a38       0x2c .\CortexM0\ARM_GCC_484\Debug\IDAC_BLE2.a(IDAC.o)
                0x00000a38                IDAC_Enable
 .text.IDAC_Start
                0x00000a64       0x20 .\CortexM0\ARM_GCC_484\Debug\IDAC_BLE2.a(IDAC.o)
                0x00000a64                IDAC_Start
 .text.IDAC_SetValue
                0x00000a84       0x20 .\CortexM0\ARM_GCC_484\Debug\IDAC_BLE2.a(IDAC.o)
                0x00000a84                IDAC_SetValue
 .text.Connect_LED_Write
                0x00000aa4       0x18 .\CortexM0\ARM_GCC_484\Debug\IDAC_BLE2.a(Connect_LED.o)
                0x00000aa4                Connect_LED_Write
 *fill*         0x00000abc        0x4 
 .text          0x00000ac0       0x20 .\CortexM0\ARM_GCC_484\Debug\IDAC_BLE2.a(CyBootAsmGnu.o)
                0x00000ac0                CyDelayCycles
                0x00000ad2                CyEnterCriticalSection
                0x00000ada                CyExitCriticalSection
 .text.CySysClkWriteImoFreq
                0x00000ae0       0x64 .\CortexM0\ARM_GCC_484\Debug\IDAC_BLE2.a(CyLib.o)
                0x00000ae0                CySysClkWriteImoFreq
 .text.CySysClkEcoReadStatus
                0x00000b44       0x10 .\CortexM0\ARM_GCC_484\Debug\IDAC_BLE2.a(CyLib.o)
                0x00000b44                CySysClkEcoReadStatus
 .text.CyIntEnable
                0x00000b54       0x14 .\CortexM0\ARM_GCC_484\Debug\IDAC_BLE2.a(CyLib.o)
                0x00000b54                CyIntEnable
 .text.CyHalt   0x00000b68        0x4 .\CortexM0\ARM_GCC_484\Debug\IDAC_BLE2.a(CyLib.o)
                0x00000b68                CyHalt
 .text.CyIntSetVector
                0x00000b6c       0x20 .\CortexM0\ARM_GCC_484\Debug\IDAC_BLE2.a(CyLib.o)
                0x00000b6c                CyIntSetVector
 .text.CyDelay  0x00000b8c       0x30 .\CortexM0\ARM_GCC_484\Debug\IDAC_BLE2.a(CyLib.o)
                0x00000b8c                CyDelay
 .text.CyDelayUs
                0x00000bbc       0x14 .\CortexM0\ARM_GCC_484\Debug\IDAC_BLE2.a(CyLib.o)
                0x00000bbc                CyDelayUs
 .text.CySysClkEcoStart
                0x00000bd0       0x54 .\CortexM0\ARM_GCC_484\Debug\IDAC_BLE2.a(CyLib.o)
                0x00000bd0                CySysClkEcoStart
 .text.CySysPmSleep
                0x00000c24       0x1c .\CortexM0\ARM_GCC_484\Debug\IDAC_BLE2.a(cyPm.o)
                0x00000c24                CySysPmSleep
 .text.CySysPmSetWakeupPolarity
                0x00000c40       0x34 .\CortexM0\ARM_GCC_484\Debug\IDAC_BLE2.a(cyPm.o)
                0x00000c40                CySysPmSetWakeupPolarity
 .text.CySysPmFreezeIo
                0x00000c74       0x38 .\CortexM0\ARM_GCC_484\Debug\IDAC_BLE2.a(cyPm.o)
                0x00000c74                CySysPmFreezeIo
 .text.CySysPmStop
                0x00000cac       0x30 .\CortexM0\ARM_GCC_484\Debug\IDAC_BLE2.a(cyPm.o)
                0x00000cac                CySysPmStop
 .text.CySysWdtLocked
                0x00000cdc       0x18 .\CortexM0\ARM_GCC_484\Debug\IDAC_BLE2.a(CyLFClk.o)
 .text.CySysClkWcoStart
                0x00000cf4       0x40 .\CortexM0\ARM_GCC_484\Debug\IDAC_BLE2.a(CyLFClk.o)
                0x00000cf4                CySysClkWcoStart
 .text.CySysClkWcoSetPowerMode
                0x00000d34       0x84 .\CortexM0\ARM_GCC_484\Debug\IDAC_BLE2.a(CyLFClk.o)
                0x00000d34                CySysClkWcoSetPowerMode
 .text.CySysWdtLock
                0x00000db8       0x1c .\CortexM0\ARM_GCC_484\Debug\IDAC_BLE2.a(CyLFClk.o)
                0x00000db8                CySysWdtLock
 .text.CySysWdtUnlock
                0x00000dd4       0x30 .\CortexM0\ARM_GCC_484\Debug\IDAC_BLE2.a(CyLFClk.o)
                0x00000dd4                CySysWdtUnlock
 .text.CySysWdtClearInterrupt
                0x00000e04       0x4c .\CortexM0\ARM_GCC_484\Debug\IDAC_BLE2.a(CyLFClk.o)
                0x00000e04                CySysWdtClearInterrupt
 .text.CySysWdtIsr
                0x00000e50       0xa4 .\CortexM0\ARM_GCC_484\Debug\IDAC_BLE2.a(CyLFClk.o)
                0x00000e50                CySysWdtIsr
 .text.Pin_1_Write
                0x00000ef4       0x18 .\CortexM0\ARM_GCC_484\Debug\IDAC_BLE2.a(Pin_1.o)
                0x00000ef4                Pin_1_Write
 .text.CyBLE_Bless_LlRegWrite
                0x00000f0c        0x4 .\CortexM0\ARM_GCC_484\Debug\IDAC_BLE2.a(BLE_HAL_PVT.o)
                0x00000f0c                CyBLE_Bless_LlRegWrite
 .text.CyBLE_Bless_RfRegWrite
                0x00000f10        0x4 .\CortexM0\ARM_GCC_484\Debug\IDAC_BLE2.a(BLE_HAL_PVT.o)
                0x00000f10                CyBLE_Bless_RfRegWrite
 .text.CyBLE_BlessDeviceConfig
                0x00000f14       0xdc .\CortexM0\ARM_GCC_484\Debug\IDAC_BLE2.a(BLE_HAL_PVT.o)
                0x00000f14                CyBLE_BlessDeviceConfig
 .text.CyBleHal_DelayUs
                0x00000ff0        0x8 .\CortexM0\ARM_GCC_484\Debug\IDAC_BLE2.a(BLE_HAL_PVT.o)
                0x00000ff0                CyBleHal_DelayUs
 .text.CyBleHal_DelayMs
                0x00000ff8        0x8 .\CortexM0\ARM_GCC_484\Debug\IDAC_BLE2.a(BLE_HAL_PVT.o)
                0x00000ff8                CyBleHal_DelayMs
 .text.CyBleHal_EnableGlobalInterrupts
                0x00001000        0x8 .\CortexM0\ARM_GCC_484\Debug\IDAC_BLE2.a(BLE_HAL_PVT.o)
                0x00001000                CyBleHal_EnableGlobalInterrupts
 .text.CyBleHal_DisableGlobalInterrupts
                0x00001008        0x8 .\CortexM0\ARM_GCC_484\Debug\IDAC_BLE2.a(BLE_HAL_PVT.o)
                0x00001008                CyBleHal_DisableGlobalInterrupts
 .text.CyBle_HalInit
                0x00001010       0x18 .\CortexM0\ARM_GCC_484\Debug\IDAC_BLE2.a(BLE_HAL_PVT.o)
                0x00001010                CyBle_HalInit
 .text.CYBLE_BlessStart
                0x00001028       0x10 .\CortexM0\ARM_GCC_484\Debug\IDAC_BLE2.a(BLE_HAL_PVT.o)
                0x00001028                CYBLE_BlessStart
 .text.BLE_bless_isr_SetVector
                0x00001038        0xc .\CortexM0\ARM_GCC_484\Debug\IDAC_BLE2.a(BLE_bless_isr.o)
                0x00001038                BLE_bless_isr_SetVector
 .text.BLE_bless_isr_SetPriority
                0x00001044       0x24 .\CortexM0\ARM_GCC_484\Debug\IDAC_BLE2.a(BLE_bless_isr.o)
                0x00001044                BLE_bless_isr_SetPriority
 .text.BLE_bless_isr_Enable
                0x00001068       0x10 .\CortexM0\ARM_GCC_484\Debug\IDAC_BLE2.a(BLE_bless_isr.o)
                0x00001068                BLE_bless_isr_Enable
 .text.BLE_bless_isr_Disable
                0x00001078       0x10 .\CortexM0\ARM_GCC_484\Debug\IDAC_BLE2.a(BLE_bless_isr.o)
                0x00001078                BLE_bless_isr_Disable
 .text.BLE_bless_isr_StartEx
                0x00001088       0x1c .\CortexM0\ARM_GCC_484\Debug\IDAC_BLE2.a(BLE_bless_isr.o)
                0x00001088                BLE_bless_isr_StartEx
 .text.CyBLE_Bless_Interrupt
                0x000010a4        0x8 .\CortexM0\ARM_GCC_484\Debug\IDAC_BLE2.a(BLE_HAL_INT.o)
                0x000010a4                CyBLE_Bless_Interrupt
 .text          0x000010ac       0x9c c:/program files (x86)/cypress/psoc creator/3.2/psoc creator/import/gnu/arm/4.8.4/bin/../lib/gcc/arm-none-eabi/4.8.4/armv6-m\libgcc.a(_udivsi3.o)
                0x000010ac                __aeabi_uidiv
                0x000010ac                __udivsi3
                0x00001134                __aeabi_uidivmod
 .text          0x00001148       0xc0 c:/program files (x86)/cypress/psoc creator/3.2/psoc creator/import/gnu/arm/4.8.4/bin/../lib/gcc/arm-none-eabi/4.8.4/armv6-m\libgcc.a(_divsi3.o)
                0x00001148                __divsi3
                0x00001148                __aeabi_idiv
                0x000011f4                __aeabi_idivmod
 .text          0x00001208        0x4 c:/program files (x86)/cypress/psoc creator/3.2/psoc creator/import/gnu/arm/4.8.4/bin/../lib/gcc/arm-none-eabi/4.8.4/armv6-m\libgcc.a(_dvmd_tls.o)
                0x00001208                __aeabi_idiv0
                0x00001208                __aeabi_ldiv0
 .text.__libc_init_array
                0x0000120c       0x4c c:/program files (x86)/cypress/psoc creator/3.2/psoc creator/import/gnu/arm/4.8.4/bin/../lib/gcc/arm-none-eabi/4.8.4/../../../../arm-none-eabi/lib/armv6-m\libg_s.a(lib_a-init.o)
                0x0000120c                __libc_init_array
 .text.memcmp   0x00001258       0x1e c:/program files (x86)/cypress/psoc creator/3.2/psoc creator/import/gnu/arm/4.8.4/bin/../lib/gcc/arm-none-eabi/4.8.4/../../../../arm-none-eabi/lib/armv6-m\libg_s.a(lib_a-memcmp.o)
                0x00001258                memcmp
 .text.memcpy   0x00001276       0x12 c:/program files (x86)/cypress/psoc creator/3.2/psoc creator/import/gnu/arm/4.8.4/bin/../lib/gcc/arm-none-eabi/4.8.4/../../../../arm-none-eabi/lib/armv6-m\libg_s.a(lib_a-memcpy-stub.o)
                0x00001276                memcpy
 .text.memset   0x00001288       0x10 c:/program files (x86)/cypress/psoc creator/3.2/psoc creator/import/gnu/arm/4.8.4/bin/../lib/gcc/arm-none-eabi/4.8.4/../../../../arm-none-eabi/lib/armv6-m\libg_s.a(lib_a-memset.o)
                0x00001288                memset
 *(.plt)
 *(.gnu.warning)
 *(.glue_7t)
 .glue_7t       0x00000000        0x0 linker stubs
 *(.glue_7)
 .glue_7        0x00000000        0x0 linker stubs
 *(.vfp11_veneer)
 .vfp11_veneer  0x00000000        0x0 linker stubs
 *(.bootloader)
 *(.ARM.extab* .gnu.linkonce.armextab.*)
 *(.gcc_except_table)

.v4_bx          0x00001298        0x0
 .v4_bx         0x00000000        0x0 linker stubs

.iplt           0x00001298        0x0
 .iplt          0x00000000        0x0 c:/program files (x86)/cypress/psoc creator/3.2/psoc creator/import/gnu/arm/4.8.4/bin/../lib/gcc/arm-none-eabi/4.8.4/armv6-m/crtbegin.o

i.CyBle_ExitLPM
                0x00001298        0x8
 i.CyBle_ExitLPM
                0x00001298        0x8 C:\Program Files (x86)\Cypress\PSoC Creator\3.2\PSoC Creator\psoc\content\cycomponentlibrary\CyComponentLibrary.cylib\BLE_v2_0\Library\gccCyBLEStack_BLE_SOC_PERIPHERAL.a(CyBle.o)
                0x00001298                CyBle_ExitLPM

i.CyBle_ProcessEvents
                0x000012a0        0x8
 i.CyBle_ProcessEvents
                0x000012a0        0x8 C:\Program Files (x86)\Cypress\PSoC Creator\3.2\PSoC Creator\psoc\content\cycomponentlibrary\CyComponentLibrary.cylib\BLE_v2_0\Library\gccCyBLEStack_BLE_SOC_PERIPHERAL.a(CyBle.o)
                0x000012a0                CyBle_ProcessEvents

i.CyBle_SetDeviceAddress
                0x000012a8       0x24
 i.CyBle_SetDeviceAddress
                0x000012a8       0x24 C:\Program Files (x86)\Cypress\PSoC Creator\3.2\PSoC Creator\psoc\content\cycomponentlibrary\CyComponentLibrary.cylib\BLE_v2_0\Library\gccCyBLEStack_BLE_SOC_PERIPHERAL.a(CyBle.o)
                0x000012a8                CyBle_SetDeviceAddress

i.CyBle_StackInit
                0x000012cc       0x80
 i.CyBle_StackInit
                0x000012cc       0x80 C:\Program Files (x86)\Cypress\PSoC Creator\3.2\PSoC Creator\psoc\content\cycomponentlibrary\CyComponentLibrary.cylib\BLE_v2_0\Library\gccCyBLEStack_BLE_SOC_PERIPHERAL.a(CyBle.o)
                0x000012cc                CyBle_StackInit

i.CyBleStackMgr_Init
                0x0000134c       0xb4
 i.CyBleStackMgr_Init
                0x0000134c       0xb4 C:\Program Files (x86)\Cypress\PSoC Creator\3.2\PSoC Creator\psoc\content\cycomponentlibrary\CyComponentLibrary.cylib\BLE_v2_0\Library\gccCyBLEStack_BLE_SOC_PERIPHERAL.a(CyBleStackMgrIP_Interface.o)
                0x0000134c                CyBleStackMgr_Init

i.CyBleStackMgr_ProcessBleEvents
                0x00001400       0x14
 i.CyBleStackMgr_ProcessBleEvents
                0x00001400       0x14 C:\Program Files (x86)\Cypress\PSoC Creator\3.2\PSoC Creator\psoc\content\cycomponentlibrary\CyComponentLibrary.cylib\BLE_v2_0\Library\gccCyBLEStack_BLE_SOC_PERIPHERAL.a(CyBleStackMgrIP_Interface.o)
                0x00001400                CyBleStackMgr_ProcessBleEvents

i.CyBle_GetHeapMemory
                0x00001414       0x28
 i.CyBle_GetHeapMemory
                0x00001414       0x28 C:\Program Files (x86)\Cypress\PSoC Creator\3.2\PSoC Creator\psoc\content\cycomponentlibrary\CyComponentLibrary.cylib\BLE_v2_0\Library\gccCyBLEStack_BLE_SOC_PERIPHERAL.a(CyBleStackMgrIP_Interface.o)
                0x00001414                CyBle_GetHeapMemory

i.CyBle_GetNumAppBufferPools
                0x0000143c        0xc
 i.CyBle_GetNumAppBufferPools
                0x0000143c        0xc C:\Program Files (x86)\Cypress\PSoC Creator\3.2\PSoC Creator\psoc\content\cycomponentlibrary\CyComponentLibrary.cylib\BLE_v2_0\Library\gccCyBLEStack_BLE_SOC_PERIPHERAL.a(CyBleStackMgrIP_Interface.o)
                0x0000143c                CyBle_GetNumAppBufferPools

i.CyBle_GetReservedPoolInfo
                0x00001448       0x3c
 i.CyBle_GetReservedPoolInfo
                0x00001448       0x3c C:\Program Files (x86)\Cypress\PSoC Creator\3.2\PSoC Creator\psoc\content\cycomponentlibrary\CyComponentLibrary.cylib\BLE_v2_0\Library\gccCyBLEStack_BLE_SOC_PERIPHERAL.a(CyBleStackMgrIP_Interface.o)
                0x00001448                CyBle_GetReservedPoolInfo

i.CyBle_HostStackBufferPoolInit
                0x00001484       0x7c
 i.CyBle_HostStackBufferPoolInit
                0x00001484       0x7c C:\Program Files (x86)\Cypress\PSoC Creator\3.2\PSoC Creator\psoc\content\cycomponentlibrary\CyComponentLibrary.cylib\BLE_v2_0\Library\gccCyBLEStack_BLE_SOC_PERIPHERAL.a(CyBleStackMgrIP_Interface.o)

i.ble_stack_idle_task_callback
                0x00001500        0x2
 i.ble_stack_idle_task_callback
                0x00001500        0x2 C:\Program Files (x86)\Cypress\PSoC Creator\3.2\PSoC Creator\psoc\content\cycomponentlibrary\CyComponentLibrary.cylib\BLE_v2_0\Library\gccCyBLEStack_BLE_SOC_PERIPHERAL.a(CyBleStackMgrIP_Interface.o)
                0x00001500                ble_stack_idle_task_callback

i.BT_OSFreeBuf  0x00001504       0x20
 i.BT_OSFreeBuf
                0x00001504       0x20 C:\Program Files (x86)\Cypress\PSoC Creator\3.2\PSoC Creator\psoc\content\cycomponentlibrary\CyComponentLibrary.cylib\BLE_v2_0\Library\gccCyBLEStack_BLE_SOC_PERIPHERAL.a(BT_os.o)
                0x00001504                BT_OSFreeBuf

i.BT_OSGetBuF   0x00001524       0x30
 i.BT_OSGetBuF  0x00001524       0x30 C:\Program Files (x86)\Cypress\PSoC Creator\3.2\PSoC Creator\psoc\content\cycomponentlibrary\CyComponentLibrary.cylib\BLE_v2_0\Library\gccCyBLEStack_BLE_SOC_PERIPHERAL.a(BT_os.o)
                0x00001524                BT_OSGetBuF

i.BT_OSMemCreate
                0x00001554       0x3c
 i.BT_OSMemCreate
                0x00001554       0x3c C:\Program Files (x86)\Cypress\PSoC Creator\3.2\PSoC Creator\psoc\content\cycomponentlibrary\CyComponentLibrary.cylib\BLE_v2_0\Library\gccCyBLEStack_BLE_SOC_PERIPHERAL.a(BT_os.o)
                0x00001554                BT_OSMemCreate

i.BT_alloc_mem_ext
                0x00001590       0x40
 i.BT_alloc_mem_ext
                0x00001590       0x40 C:\Program Files (x86)\Cypress\PSoC Creator\3.2\PSoC Creator\psoc\content\cycomponentlibrary\CyComponentLibrary.cylib\BLE_v2_0\Library\gccCyBLEStack_BLE_SOC_PERIPHERAL.a(BT_os.o)
                0x00001590                BT_alloc_mem_ext

i.BT_buff_alloc_from_cfg_pool_ext
                0x000015d0       0x18
 i.BT_buff_alloc_from_cfg_pool_ext
                0x000015d0       0x18 C:\Program Files (x86)\Cypress\PSoC Creator\3.2\PSoC Creator\psoc\content\cycomponentlibrary\CyComponentLibrary.cylib\BLE_v2_0\Library\gccCyBLEStack_BLE_SOC_PERIPHERAL.a(BT_os.o)
                0x000015d0                BT_buff_alloc_from_cfg_pool_ext

i.BT_free_mem   0x000015e8        0xc
 i.BT_free_mem  0x000015e8        0xc C:\Program Files (x86)\Cypress\PSoC Creator\3.2\PSoC Creator\psoc\content\cycomponentlibrary\CyComponentLibrary.cylib\BLE_v2_0\Library\gccCyBLEStack_BLE_SOC_PERIPHERAL.a(BT_os.o)
                0x000015e8                BT_free_mem

i.bt_stack_create_buffer_pool
                0x000015f4       0x30
 i.bt_stack_create_buffer_pool
                0x000015f4       0x30 C:\Program Files (x86)\Cypress\PSoC Creator\3.2\PSoC Creator\psoc\content\cycomponentlibrary\CyComponentLibrary.cylib\BLE_v2_0\Library\gccCyBLEStack_BLE_SOC_PERIPHERAL.a(BT_os.o)
                0x000015f4                bt_stack_create_buffer_pool

i.CyBle_CheckBleStackTaskStatus
                0x00001624        0x4
 i.CyBle_CheckBleStackTaskStatus
                0x00001624        0x4 C:\Program Files (x86)\Cypress\PSoC Creator\3.2\PSoC Creator\psoc\content\cycomponentlibrary\CyComponentLibrary.cylib\BLE_v2_0\Library\gccCyBLEStack_BLE_SOC_PERIPHERAL.a(CyBleStackMgr_StackTaskHandler.o)
                0x00001624                CyBle_CheckBleStackTaskStatus

i.CyBle_CreateBleStackTask
                0x00001628       0x2c
 i.CyBle_CreateBleStackTask
                0x00001628       0x2c C:\Program Files (x86)\Cypress\PSoC Creator\3.2\PSoC Creator\psoc\content\cycomponentlibrary\CyComponentLibrary.cylib\BLE_v2_0\Library\gccCyBLEStack_BLE_SOC_PERIPHERAL.a(CyBleStackMgr_StackTaskHandler.o)
                0x00001628                CyBle_CreateBleStackTask

i.CyBle_SignalBleStackTask
                0x00001654       0x50
 i.CyBle_SignalBleStackTask
                0x00001654       0x50 C:\Program Files (x86)\Cypress\PSoC Creator\3.2\PSoC Creator\psoc\content\cycomponentlibrary\CyComponentLibrary.cylib\BLE_v2_0\Library\gccCyBLEStack_BLE_SOC_PERIPHERAL.a(CyBleStackMgr_StackTaskHandler.o)
                0x00001654                CyBle_SignalBleStackTask

i.CyBle_StackTaskHandler
                0x000016a4       0x5c
 i.CyBle_StackTaskHandler
                0x000016a4       0x5c C:\Program Files (x86)\Cypress\PSoC Creator\3.2\PSoC Creator\psoc\content\cycomponentlibrary\CyComponentLibrary.cylib\BLE_v2_0\Library\gccCyBLEStack_BLE_SOC_PERIPHERAL.a(CyBleStackMgr_StackTaskHandler.o)
                0x000016a4                CyBle_StackTaskHandler

i.__ARM_common_switch8
                0x00001700       0x1a
 i.__ARM_common_switch8
                0x00001700       0x1a C:\Program Files (x86)\Cypress\PSoC Creator\3.2\PSoC Creator\psoc\content\cycomponentlibrary\CyComponentLibrary.cylib\BLE_v2_0\Library\gccCyBLEStack_BLE_SOC_PERIPHERAL.a(CyBleStackMgr_StackTaskHandler.o)
                0x00001700                __ARM_common_switch8

i.hci_soft_transport_notify_data_received
                0x0000171c        0xc
 i.hci_soft_transport_notify_data_received
                0x0000171c        0xc C:\Program Files (x86)\Cypress\PSoC Creator\3.2\PSoC Creator\psoc\content\cycomponentlibrary\CyComponentLibrary.cylib\BLE_v2_0\Library\gccCyBLEStack_BLE_SOC_PERIPHERAL.a(transport_sf.o)
                0x0000171c                hci_soft_transport_notify_data_received

i.hci_soft_transport_rx_data
                0x00001728       0x40
 i.hci_soft_transport_rx_data
                0x00001728       0x40 C:\Program Files (x86)\Cypress\PSoC Creator\3.2\PSoC Creator\psoc\content\cycomponentlibrary\CyComponentLibrary.cylib\BLE_v2_0\Library\gccCyBLEStack_BLE_SOC_PERIPHERAL.a(transport_sf.o)
                0x00001728                hci_soft_transport_rx_data

i.hci_transport_bt_init
                0x00001768        0x2
 i.hci_transport_bt_init
                0x00001768        0x2 C:\Program Files (x86)\Cypress\PSoC Creator\3.2\PSoC Creator\psoc\content\cycomponentlibrary\CyComponentLibrary.cylib\BLE_v2_0\Library\gccCyBLEStack_BLE_SOC_PERIPHERAL.a(transport_sf.o)
                0x00001768                hci_transport_bt_init

i.hci_transport_init
                0x0000176c       0x10
 i.hci_transport_init
                0x0000176c       0x10 C:\Program Files (x86)\Cypress\PSoC Creator\3.2\PSoC Creator\psoc\content\cycomponentlibrary\CyComponentLibrary.cylib\BLE_v2_0\Library\gccCyBLEStack_BLE_SOC_PERIPHERAL.a(transport_sf.o)
                0x0000176c                hci_transport_init

i.hci_transport_write_data
                0x0000177c       0xd4
 i.hci_transport_write_data
                0x0000177c       0xd4 C:\Program Files (x86)\Cypress\PSoC Creator\3.2\PSoC Creator\psoc\content\cycomponentlibrary\CyComponentLibrary.cylib\BLE_v2_0\Library\gccCyBLEStack_BLE_SOC_PERIPHERAL.a(transport_sf.o)
                0x0000177c                hci_transport_write_data

i.pf_hci_soft_transport_write
                0x00001850       0x44
 i.pf_hci_soft_transport_write
                0x00001850       0x44 C:\Program Files (x86)\Cypress\PSoC Creator\3.2\PSoC Creator\psoc\content\cycomponentlibrary\CyComponentLibrary.cylib\BLE_v2_0\Library\gccCyBLEStack_BLE_SOC_PERIPHERAL.a(transport_sf.o)
                0x00001850                pf_hci_soft_transport_write

i.pf_soft_hci_transport_init
                0x00001894        0xc
 i.pf_soft_hci_transport_init
                0x00001894        0xc C:\Program Files (x86)\Cypress\PSoC Creator\3.2\PSoC Creator\psoc\content\cycomponentlibrary\CyComponentLibrary.cylib\BLE_v2_0\Library\gccCyBLEStack_BLE_SOC_PERIPHERAL.a(transport_sf.o)
                0x00001894                pf_soft_hci_transport_init

i.CyBleStackMgr_GetTime
                0x000018a0       0x14
 i.CyBleStackMgr_GetTime
                0x000018a0       0x14 C:\Program Files (x86)\Cypress\PSoC Creator\3.2\PSoC Creator\psoc\content\cycomponentlibrary\CyComponentLibrary.cylib\BLE_v2_0\Library\gccCyBLEStack_BLE_SOC_PERIPHERAL.a(CyBleStackMgr_PSoCHal.o)
                0x000018a0                CyBleStackMgr_GetTime

i.CyBleStackMgr_HalInit
                0x000018b4       0x24
 i.CyBleStackMgr_HalInit
                0x000018b4       0x24 C:\Program Files (x86)\Cypress\PSoC Creator\3.2\PSoC Creator\psoc\content\cycomponentlibrary\CyComponentLibrary.cylib\BLE_v2_0\Library\gccCyBLEStack_BLE_SOC_PERIPHERAL.a(CyBleStackMgr_PSoCHal.o)
                0x000018b4                CyBleStackMgr_HalInit

i.CyBleStackMgr_HalIntrEnable
                0x000018d8        0x8
 i.CyBleStackMgr_HalIntrEnable
                0x000018d8        0x8 C:\Program Files (x86)\Cypress\PSoC Creator\3.2\PSoC Creator\psoc\content\cycomponentlibrary\CyComponentLibrary.cylib\BLE_v2_0\Library\gccCyBLEStack_BLE_SOC_PERIPHERAL.a(CyBleStackMgr_PSoCHal.o)
                0x000018d8                CyBleStackMgr_HalIntrEnable

i.CyBleStackMgr_HandleLinkLayerTick
                0x000018e0       0x5c
 i.CyBleStackMgr_HandleLinkLayerTick
                0x000018e0       0x5c C:\Program Files (x86)\Cypress\PSoC Creator\3.2\PSoC Creator\psoc\content\cycomponentlibrary\CyComponentLibrary.cylib\BLE_v2_0\Library\gccCyBLEStack_BLE_SOC_PERIPHERAL.a(CyBleStackMgr_PSoCHal.o)
                0x000018e0                CyBleStackMgr_HandleLinkLayerTick

i.CyBleStackMgr_HciPortInit
                0x0000193c        0xc
 i.CyBleStackMgr_HciPortInit
                0x0000193c        0xc C:\Program Files (x86)\Cypress\PSoC Creator\3.2\PSoC Creator\psoc\content\cycomponentlibrary\CyComponentLibrary.cylib\BLE_v2_0\Library\gccCyBLEStack_BLE_SOC_PERIPHERAL.a(CyBleStackMgr_PSoCHal.o)
                0x0000193c                CyBleStackMgr_HciPortInit

i.CyBleStackMgr_HciPortReset
                0x00001948        0x2
 i.CyBleStackMgr_HciPortReset
                0x00001948        0x2 C:\Program Files (x86)\Cypress\PSoC Creator\3.2\PSoC Creator\psoc\content\cycomponentlibrary\CyComponentLibrary.cylib\BLE_v2_0\Library\gccCyBLEStack_BLE_SOC_PERIPHERAL.a(CyBleStackMgr_PSoCHal.o)
                0x00001948                CyBleStackMgr_HciPortReset

i.CyBleStackMgr_HciPortWrite
                0x0000194a        0x8
 i.CyBleStackMgr_HciPortWrite
                0x0000194a        0x8 C:\Program Files (x86)\Cypress\PSoC Creator\3.2\PSoC Creator\psoc\content\cycomponentlibrary\CyComponentLibrary.cylib\BLE_v2_0\Library\gccCyBLEStack_BLE_SOC_PERIPHERAL.a(CyBleStackMgr_PSoCHal.o)
                0x0000194a                CyBleStackMgr_HciPortWrite

i.CyBleStackMgr_ResetLinkLayerTimerEntity
                0x00001954       0x14
 i.CyBleStackMgr_ResetLinkLayerTimerEntity
                0x00001954       0x14 C:\Program Files (x86)\Cypress\PSoC Creator\3.2\PSoC Creator\psoc\content\cycomponentlibrary\CyComponentLibrary.cylib\BLE_v2_0\Library\gccCyBLEStack_BLE_SOC_PERIPHERAL.a(CyBleStackMgr_PSoCHal.o)
                0x00001954                CyBleStackMgr_ResetLinkLayerTimerEntity

i.CyBleStackMgr_TimerStart
                0x00001968       0x2c
 i.CyBleStackMgr_TimerStart
                0x00001968       0x2c C:\Program Files (x86)\Cypress\PSoC Creator\3.2\PSoC Creator\psoc\content\cycomponentlibrary\CyComponentLibrary.cylib\BLE_v2_0\Library\gccCyBLEStack_BLE_SOC_PERIPHERAL.a(CyBleStackMgr_PSoCHal.o)
                0x00001968                CyBleStackMgr_TimerStart

i.CyBleStackMgr_TimerStop
                0x00001994       0x18
 i.CyBleStackMgr_TimerStop
                0x00001994       0x18 C:\Program Files (x86)\Cypress\PSoC Creator\3.2\PSoC Creator\psoc\content\cycomponentlibrary\CyComponentLibrary.cylib\BLE_v2_0\Library\gccCyBLEStack_BLE_SOC_PERIPHERAL.a(CyBleStackMgr_PSoCHal.o)
                0x00001994                CyBleStackMgr_TimerStop

i.CyBleStackMgr_isTimerRunning
                0x000019ac       0x10
 i.CyBleStackMgr_isTimerRunning
                0x000019ac       0x10 C:\Program Files (x86)\Cypress\PSoC Creator\3.2\PSoC Creator\psoc\content\cycomponentlibrary\CyComponentLibrary.cylib\BLE_v2_0\Library\gccCyBLEStack_BLE_SOC_PERIPHERAL.a(CyBleStackMgr_PSoCHal.o)
                0x000019ac                CyBleStackMgr_isTimerRunning

i.CyBleAtlantisRadioInit
                0x000019bc      0x150
 i.CyBleAtlantisRadioInit
                0x000019bc      0x150 C:\Program Files (x86)\Cypress\PSoC Creator\3.2\PSoC Creator\psoc\content\cycomponentlibrary\CyComponentLibrary.cylib\BLE_v2_0\Library\gccCyBLEStack_BLE_SOC_PERIPHERAL.a(CyBleStackMgr_BleSSDriver.o)

i.CyBleStackMgr_BleSSFifoRead
                0x00001b0c       0x38
 i.CyBleStackMgr_BleSSFifoRead
                0x00001b0c       0x38 C:\Program Files (x86)\Cypress\PSoC Creator\3.2\PSoC Creator\psoc\content\cycomponentlibrary\CyComponentLibrary.cylib\BLE_v2_0\Library\gccCyBLEStack_BLE_SOC_PERIPHERAL.a(CyBleStackMgr_BleSSDriver.o)
                0x00001b0c                CyBleStackMgr_BleSSFifoRead

i.CyBleStackMgr_BleSSFifoWrite
                0x00001b44       0x30
 i.CyBleStackMgr_BleSSFifoWrite
                0x00001b44       0x30 C:\Program Files (x86)\Cypress\PSoC Creator\3.2\PSoC Creator\psoc\content\cycomponentlibrary\CyComponentLibrary.cylib\BLE_v2_0\Library\gccCyBLEStack_BLE_SOC_PERIPHERAL.a(CyBleStackMgr_BleSSDriver.o)
                0x00001b44                CyBleStackMgr_BleSSFifoWrite

i.CyBleStackMgr_BleSSInit
                0x00001b74       0x50
 i.CyBleStackMgr_BleSSInit
                0x00001b74       0x50 C:\Program Files (x86)\Cypress\PSoC Creator\3.2\PSoC Creator\psoc\content\cycomponentlibrary\CyComponentLibrary.cylib\BLE_v2_0\Library\gccCyBLEStack_BLE_SOC_PERIPHERAL.a(CyBleStackMgr_BleSSDriver.o)
                0x00001b74                CyBleStackMgr_BleSSInit

i.CyBleStackMgr_BleSSMemRead
                0x00001bc4       0x26
 i.CyBleStackMgr_BleSSMemRead
                0x00001bc4       0x26 C:\Program Files (x86)\Cypress\PSoC Creator\3.2\PSoC Creator\psoc\content\cycomponentlibrary\CyComponentLibrary.cylib\BLE_v2_0\Library\gccCyBLEStack_BLE_SOC_PERIPHERAL.a(CyBleStackMgr_BleSSDriver.o)
                0x00001bc4                CyBleStackMgr_BleSSMemRead

i.CyBleStackMgr_BleSSMemWrite
                0x00001bec       0x34
 i.CyBleStackMgr_BleSSMemWrite
                0x00001bec       0x34 C:\Program Files (x86)\Cypress\PSoC Creator\3.2\PSoC Creator\psoc\content\cycomponentlibrary\CyComponentLibrary.cylib\BLE_v2_0\Library\gccCyBLEStack_BLE_SOC_PERIPHERAL.a(CyBleStackMgr_BleSSDriver.o)
                0x00001bec                CyBleStackMgr_BleSSMemWrite

i.CyBleStackMgr_BleSSRegRead
                0x00001c20        0xc
 i.CyBleStackMgr_BleSSRegRead
                0x00001c20        0xc C:\Program Files (x86)\Cypress\PSoC Creator\3.2\PSoC Creator\psoc\content\cycomponentlibrary\CyComponentLibrary.cylib\BLE_v2_0\Library\gccCyBLEStack_BLE_SOC_PERIPHERAL.a(CyBleStackMgr_BleSSDriver.o)
                0x00001c20                CyBleStackMgr_BleSSRegRead

i.CyBleStackMgr_BleSSRegWrite
                0x00001c2c        0xc
 i.CyBleStackMgr_BleSSRegWrite
                0x00001c2c        0xc C:\Program Files (x86)\Cypress\PSoC Creator\3.2\PSoC Creator\psoc\content\cycomponentlibrary\CyComponentLibrary.cylib\BLE_v2_0\Library\gccCyBLEStack_BLE_SOC_PERIPHERAL.a(CyBleStackMgr_BleSSDriver.o)
                0x00001c2c                CyBleStackMgr_BleSSRegWrite

i.CyBleStackMgr_BleSSReset
                0x00001c38       0x38
 i.CyBleStackMgr_BleSSReset
                0x00001c38       0x38 C:\Program Files (x86)\Cypress\PSoC Creator\3.2\PSoC Creator\psoc\content\cycomponentlibrary\CyComponentLibrary.cylib\BLE_v2_0\Library\gccCyBLEStack_BLE_SOC_PERIPHERAL.a(CyBleStackMgr_BleSSDriver.o)
                0x00001c38                CyBleStackMgr_BleSSReset

i.CyBleStackMgr_GenericIface
                0x00001c70       0x3c
 i.CyBleStackMgr_GenericIface
                0x00001c70       0x3c C:\Program Files (x86)\Cypress\PSoC Creator\3.2\PSoC Creator\psoc\content\cycomponentlibrary\CyComponentLibrary.cylib\BLE_v2_0\Library\gccCyBLEStack_BLE_SOC_PERIPHERAL.a(CyBleStackMgr_BleSSDriver.o)
                0x00001c70                CyBleStackMgr_GenericIface

i.CyBleStackMgr_HandleBleSSIntr
                0x00001cac       0x90
 i.CyBleStackMgr_HandleBleSSIntr
                0x00001cac       0x90 C:\Program Files (x86)\Cypress\PSoC Creator\3.2\PSoC Creator\psoc\content\cycomponentlibrary\CyComponentLibrary.cylib\BLE_v2_0\Library\gccCyBLEStack_BLE_SOC_PERIPHERAL.a(CyBleStackMgr_BleSSDriver.o)
                0x00001cac                CyBleStackMgr_HandleBleSSIntr

i.CyBleStackMgr_SetClockParam
                0x00001d3c       0xb4
 i.CyBleStackMgr_SetClockParam
                0x00001d3c       0xb4 C:\Program Files (x86)\Cypress\PSoC Creator\3.2\PSoC Creator\psoc\content\cycomponentlibrary\CyComponentLibrary.cylib\BLE_v2_0\Library\gccCyBLEStack_BLE_SOC_PERIPHERAL.a(CyBleStackMgr_BleSSDriver.o)

i.CyBle_ExitDsmMode
                0x00001df0       0x2c
 i.CyBle_ExitDsmMode
                0x00001df0       0x2c C:\Program Files (x86)\Cypress\PSoC Creator\3.2\PSoC Creator\psoc\content\cycomponentlibrary\CyComponentLibrary.cylib\BLE_v2_0\Library\gccCyBLEStack_BLE_SOC_PERIPHERAL.a(CyBleStackMgr_BleSSDriver.o)
                0x00001df0                CyBle_ExitDsmMode

i.CyBle_GetBleSsOperationalMode
                0x00001e1c        0xc
 i.CyBle_GetBleSsOperationalMode
                0x00001e1c        0xc C:\Program Files (x86)\Cypress\PSoC Creator\3.2\PSoC Creator\psoc\content\cycomponentlibrary\CyComponentLibrary.cylib\BLE_v2_0\Library\gccCyBLEStack_BLE_SOC_PERIPHERAL.a(CyBleStackMgr_BleSSDriver.o)
                0x00001e1c                CyBle_GetBleSsOperationalMode

i.CyBle_GetLpMode
                0x00001e28       0x26
 i.CyBle_GetLpMode
                0x00001e28       0x26 C:\Program Files (x86)\Cypress\PSoC Creator\3.2\PSoC Creator\psoc\content\cycomponentlibrary\CyComponentLibrary.cylib\BLE_v2_0\Library\gccCyBLEStack_BLE_SOC_PERIPHERAL.a(CyBleStackMgr_BleSSDriver.o)
                0x00001e28                CyBle_GetLpMode

i.CyBle_GetTxGainMode
                0x00001e50       0x2c
 i.CyBle_GetTxGainMode
                0x00001e50       0x2c C:\Program Files (x86)\Cypress\PSoC Creator\3.2\PSoC Creator\psoc\content\cycomponentlibrary\CyComponentLibrary.cylib\BLE_v2_0\Library\gccCyBLEStack_BLE_SOC_PERIPHERAL.a(CyBleStackMgr_BleSSDriver.o)
                0x00001e50                CyBle_GetTxGainMode

i.CyBle_SetBleSsOperationalMode
                0x00001e7c       0x20
 i.CyBle_SetBleSsOperationalMode
                0x00001e7c       0x20 C:\Program Files (x86)\Cypress\PSoC Creator\3.2\PSoC Creator\psoc\content\cycomponentlibrary\CyComponentLibrary.cylib\BLE_v2_0\Library\gccCyBLEStack_BLE_SOC_PERIPHERAL.a(CyBleStackMgr_BleSSDriver.o)
                0x00001e7c                CyBle_SetBleSsOperationalMode

i.CyBle_SetEventCloseState
                0x00001e9c        0xc
 i.CyBle_SetEventCloseState
                0x00001e9c        0xc C:\Program Files (x86)\Cypress\PSoC Creator\3.2\PSoC Creator\psoc\content\cycomponentlibrary\CyComponentLibrary.cylib\BLE_v2_0\Library\gccCyBLEStack_BLE_SOC_PERIPHERAL.a(CyBleStackMgr_BleSSDriver.o)
                0x00001e9c                CyBle_SetEventCloseState

i.CyBle_SetRxGainMode
                0x00001ea8       0x20
 i.CyBle_SetRxGainMode
                0x00001ea8       0x20 C:\Program Files (x86)\Cypress\PSoC Creator\3.2\PSoC Creator\psoc\content\cycomponentlibrary\CyComponentLibrary.cylib\BLE_v2_0\Library\gccCyBLEStack_BLE_SOC_PERIPHERAL.a(CyBleStackMgr_BleSSDriver.o)
                0x00001ea8                CyBle_SetRxGainMode

i.CyBle_SetTxGainMode
                0x00001ec8       0x38
 i.CyBle_SetTxGainMode
                0x00001ec8       0x38 C:\Program Files (x86)\Cypress\PSoC Creator\3.2\PSoC Creator\psoc\content\cycomponentlibrary\CyComponentLibrary.cylib\BLE_v2_0\Library\gccCyBLEStack_BLE_SOC_PERIPHERAL.a(CyBleStackMgr_BleSSDriver.o)
                0x00001ec8                CyBle_SetTxGainMode

i.pf_rf_get_abs_rssi
                0x00001f00       0x24
 i.pf_rf_get_abs_rssi
                0x00001f00       0x24 C:\Program Files (x86)\Cypress\PSoC Creator\3.2\PSoC Creator\psoc\content\cycomponentlibrary\CyComponentLibrary.cylib\BLE_v2_0\Library\gccCyBLEStack_BLE_SOC_PERIPHERAL.a(CyBleStackMgr_BleSSDriver.o)
                0x00001f00                pf_rf_get_abs_rssi

i.OS_init       0x00001f24       0x64
 i.OS_init      0x00001f24       0x64 C:\Program Files (x86)\Cypress\PSoC Creator\3.2\PSoC Creator\psoc\content\cycomponentlibrary\CyComponentLibrary.cylib\BLE_v2_0\Library\gccCyBLEStack_BLE_SOC_PERIPHERAL.a(mint_os.o)
                0x00001f24                OS_init

i.mintos_malloc
                0x00001f88       0x34
 i.mintos_malloc
                0x00001f88       0x34 C:\Program Files (x86)\Cypress\PSoC Creator\3.2\PSoC Creator\psoc\content\cycomponentlibrary\CyComponentLibrary.cylib\BLE_v2_0\Library\gccCyBLEStack_BLE_SOC_PERIPHERAL.a(mint_os.o)
                0x00001f88                mintos_malloc

i.OS_create_queue
                0x00001fbc       0x64
 i.OS_create_queue
                0x00001fbc       0x64 C:\Program Files (x86)\Cypress\PSoC Creator\3.2\PSoC Creator\psoc\content\cycomponentlibrary\CyComponentLibrary.cylib\BLE_v2_0\Library\gccCyBLEStack_BLE_SOC_PERIPHERAL.a(mint_os_queue.o)
                0x00001fbc                OS_create_queue

i.OS_enqueue_item
                0x00002020       0x8c
 i.OS_enqueue_item
                0x00002020       0x8c C:\Program Files (x86)\Cypress\PSoC Creator\3.2\PSoC Creator\psoc\content\cycomponentlibrary\CyComponentLibrary.cylib\BLE_v2_0\Library\gccCyBLEStack_BLE_SOC_PERIPHERAL.a(mint_os_queue.o)
                0x00002020                OS_enqueue_item

i.OS_queue_get_num_of_items
                0x000020ac       0x28
 i.OS_queue_get_num_of_items
                0x000020ac       0x28 C:\Program Files (x86)\Cypress\PSoC Creator\3.2\PSoC Creator\psoc\content\cycomponentlibrary\CyComponentLibrary.cylib\BLE_v2_0\Library\gccCyBLEStack_BLE_SOC_PERIPHERAL.a(mint_os_queue.o)
                0x000020ac                OS_queue_get_num_of_items

i.OS_queue_mgmt_init
                0x000020d4       0x40
 i.OS_queue_mgmt_init
                0x000020d4       0x40 C:\Program Files (x86)\Cypress\PSoC Creator\3.2\PSoC Creator\psoc\content\cycomponentlibrary\CyComponentLibrary.cylib\BLE_v2_0\Library\gccCyBLEStack_BLE_SOC_PERIPHERAL.a(mint_os_queue.o)
                0x000020d4                OS_queue_mgmt_init

i.OS_remove_item
                0x00002114       0xa0
 i.OS_remove_item
                0x00002114       0xa0 C:\Program Files (x86)\Cypress\PSoC Creator\3.2\PSoC Creator\psoc\content\cycomponentlibrary\CyComponentLibrary.cylib\BLE_v2_0\Library\gccCyBLEStack_BLE_SOC_PERIPHERAL.a(mint_os_queue.o)
                0x00002114                OS_remove_item

i.OS_create_task
                0x000021b4       0x88
 i.OS_create_task
                0x000021b4       0x88 C:\Program Files (x86)\Cypress\PSoC Creator\3.2\PSoC Creator\psoc\content\cycomponentlibrary\CyComponentLibrary.cylib\BLE_v2_0\Library\gccCyBLEStack_BLE_SOC_PERIPHERAL.a(mint_os_task.o)
                0x000021b4                OS_create_task

i.OS_isr_send_signal_to_task
                0x0000223c        0xc
 i.OS_isr_send_signal_to_task
                0x0000223c        0xc C:\Program Files (x86)\Cypress\PSoC Creator\3.2\PSoC Creator\psoc\content\cycomponentlibrary\CyComponentLibrary.cylib\BLE_v2_0\Library\gccCyBLEStack_BLE_SOC_PERIPHERAL.a(mint_os_task.o)
                0x0000223c                OS_isr_send_signal_to_task

i.OS_scheduler  0x00002248       0x64
 i.OS_scheduler
                0x00002248       0x64 C:\Program Files (x86)\Cypress\PSoC Creator\3.2\PSoC Creator\psoc\content\cycomponentlibrary\CyComponentLibrary.cylib\BLE_v2_0\Library\gccCyBLEStack_BLE_SOC_PERIPHERAL.a(mint_os_task.o)
                0x00002248                OS_scheduler

i.OS_send_signal_to_task
                0x000022ac        0xc
 i.OS_send_signal_to_task
                0x000022ac        0xc C:\Program Files (x86)\Cypress\PSoC Creator\3.2\PSoC Creator\psoc\content\cycomponentlibrary\CyComponentLibrary.cylib\BLE_v2_0\Library\gccCyBLEStack_BLE_SOC_PERIPHERAL.a(mint_os_task.o)
                0x000022ac                OS_send_signal_to_task

i.OS_send_signal_to_task_context
                0x000022b8       0x3c
 i.OS_send_signal_to_task_context
                0x000022b8       0x3c C:\Program Files (x86)\Cypress\PSoC Creator\3.2\PSoC Creator\psoc\content\cycomponentlibrary\CyComponentLibrary.cylib\BLE_v2_0\Library\gccCyBLEStack_BLE_SOC_PERIPHERAL.a(mint_os_task.o)

i.OS_task_mgmt_init
                0x000022f4       0x50
 i.OS_task_mgmt_init
                0x000022f4       0x50 C:\Program Files (x86)\Cypress\PSoC Creator\3.2\PSoC Creator\psoc\content\cycomponentlibrary\CyComponentLibrary.cylib\BLE_v2_0\Library\gccCyBLEStack_BLE_SOC_PERIPHERAL.a(mint_os_task.o)
                0x000022f4                OS_task_mgmt_init

i.mint_buf_mgmt_allocate_buffer
                0x00002344       0x4c
 i.mint_buf_mgmt_allocate_buffer
                0x00002344       0x4c C:\Program Files (x86)\Cypress\PSoC Creator\3.2\PSoC Creator\psoc\content\cycomponentlibrary\CyComponentLibrary.cylib\BLE_v2_0\Library\gccCyBLEStack_BLE_SOC_PERIPHERAL.a(mint_buf_mgmt.o)
                0x00002344                mint_buf_mgmt_allocate_buffer

i.mint_buf_mgmt_create_pool
                0x00002390       0xd0
 i.mint_buf_mgmt_create_pool
                0x00002390       0xd0 C:\Program Files (x86)\Cypress\PSoC Creator\3.2\PSoC Creator\psoc\content\cycomponentlibrary\CyComponentLibrary.cylib\BLE_v2_0\Library\gccCyBLEStack_BLE_SOC_PERIPHERAL.a(mint_buf_mgmt.o)
                0x00002390                mint_buf_mgmt_create_pool

i.mint_buf_mgmt_free_buffer
                0x00002460       0xa4
 i.mint_buf_mgmt_free_buffer
                0x00002460       0xa4 C:\Program Files (x86)\Cypress\PSoC Creator\3.2\PSoC Creator\psoc\content\cycomponentlibrary\CyComponentLibrary.cylib\BLE_v2_0\Library\gccCyBLEStack_BLE_SOC_PERIPHERAL.a(mint_buf_mgmt.o)
                0x00002460                mint_buf_mgmt_free_buffer

i.mint_buf_mgmt_init
                0x00002504       0x44
 i.mint_buf_mgmt_init
                0x00002504       0x44 C:\Program Files (x86)\Cypress\PSoC Creator\3.2\PSoC Creator\psoc\content\cycomponentlibrary\CyComponentLibrary.cylib\BLE_v2_0\Library\gccCyBLEStack_BLE_SOC_PERIPHERAL.a(mint_buf_mgmt.o)
                0x00002504                mint_buf_mgmt_init

i.mint_buf_mgmt_malloc
                0x00002548       0x2c
 i.mint_buf_mgmt_malloc
                0x00002548       0x2c C:\Program Files (x86)\Cypress\PSoC Creator\3.2\PSoC Creator\psoc\content\cycomponentlibrary\CyComponentLibrary.cylib\BLE_v2_0\Library\gccCyBLEStack_BLE_SOC_PERIPHERAL.a(mint_buf_mgmt.o)
                0x00002548                mint_buf_mgmt_malloc

i.mint_buf_mgmt_pl_init
                0x00002574       0x40
 i.mint_buf_mgmt_pl_init
                0x00002574       0x40 C:\Program Files (x86)\Cypress\PSoC Creator\3.2\PSoC Creator\psoc\content\cycomponentlibrary\CyComponentLibrary.cylib\BLE_v2_0\Library\gccCyBLEStack_BLE_SOC_PERIPHERAL.a(mint_buf_mgmt.o)
                0x00002574                mint_buf_mgmt_pl_init

i.mint_buf_mgmt_reset_pool
                0x000025b4       0x70
 i.mint_buf_mgmt_reset_pool
                0x000025b4       0x70 C:\Program Files (x86)\Cypress\PSoC Creator\3.2\PSoC Creator\psoc\content\cycomponentlibrary\CyComponentLibrary.cylib\BLE_v2_0\Library\gccCyBLEStack_BLE_SOC_PERIPHERAL.a(mint_buf_mgmt.o)
                0x000025b4                mint_buf_mgmt_reset_pool

i.mint_buf_mgmt_stack_init
                0x00002624       0x24
 i.mint_buf_mgmt_stack_init
                0x00002624       0x24 C:\Program Files (x86)\Cypress\PSoC Creator\3.2\PSoC Creator\psoc\content\cycomponentlibrary\CyComponentLibrary.cylib\BLE_v2_0\Library\gccCyBLEStack_BLE_SOC_PERIPHERAL.a(mint_buf_mgmt.o)
                0x00002624                mint_buf_mgmt_stack_init

i.mint_buf_mgmt_stack_pop
                0x00002648       0x36
 i.mint_buf_mgmt_stack_pop
                0x00002648       0x36 C:\Program Files (x86)\Cypress\PSoC Creator\3.2\PSoC Creator\psoc\content\cycomponentlibrary\CyComponentLibrary.cylib\BLE_v2_0\Library\gccCyBLEStack_BLE_SOC_PERIPHERAL.a(mint_buf_mgmt.o)
                0x00002648                mint_buf_mgmt_stack_pop

i.mint_buf_mgmt_stack_push
                0x0000267e       0x36
 i.mint_buf_mgmt_stack_push
                0x0000267e       0x36 C:\Program Files (x86)\Cypress\PSoC Creator\3.2\PSoC Creator\psoc\content\cycomponentlibrary\CyComponentLibrary.cylib\BLE_v2_0\Library\gccCyBLEStack_BLE_SOC_PERIPHERAL.a(mint_buf_mgmt.o)
                0x0000267e                mint_buf_mgmt_stack_push

i.mint_buf_mgmt_stack_reset
                0x000026b4       0x1e
 i.mint_buf_mgmt_stack_reset
                0x000026b4       0x1e C:\Program Files (x86)\Cypress\PSoC Creator\3.2\PSoC Creator\psoc\content\cycomponentlibrary\CyComponentLibrary.cylib\BLE_v2_0\Library\gccCyBLEStack_BLE_SOC_PERIPHERAL.a(mint_buf_mgmt.o)
                0x000026b4                mint_buf_mgmt_stack_reset

i.mint_buf_mgmt_stack_search_item
                0x000026d2       0x30
 i.mint_buf_mgmt_stack_search_item
                0x000026d2       0x30 C:\Program Files (x86)\Cypress\PSoC Creator\3.2\PSoC Creator\psoc\content\cycomponentlibrary\CyComponentLibrary.cylib\BLE_v2_0\Library\gccCyBLEStack_BLE_SOC_PERIPHERAL.a(mint_buf_mgmt.o)
                0x000026d2                mint_buf_mgmt_stack_search_item

i.CyBleControllerIP_GetPingState
                0x00002704        0xc
 i.CyBleControllerIP_GetPingState
                0x00002704        0xc C:\Program Files (x86)\Cypress\PSoC Creator\3.2\PSoC Creator\psoc\content\cycomponentlibrary\CyComponentLibrary.cylib\BLE_v2_0\Library\gccCyBLEStack_BLE_SOC_PERIPHERAL.a(CyBleControllerIP_Interface.o)
                0x00002704                CyBleControllerIP_GetPingState

i.CyBleController_AddDeviceToWhiteList
                0x00002710       0x40
 i.CyBleController_AddDeviceToWhiteList
                0x00002710       0x40 C:\Program Files (x86)\Cypress\PSoC Creator\3.2\PSoC Creator\psoc\content\cycomponentlibrary\CyComponentLibrary.cylib\BLE_v2_0\Library\gccCyBLEStack_BLE_SOC_PERIPHERAL.a(CyBleControllerIP_Interface.o)
                0x00002710                CyBleController_AddDeviceToWhiteList

i.CyBleController_ExitLowPowerMode
                0x00002750       0x10
 i.CyBleController_ExitLowPowerMode
                0x00002750       0x10 C:\Program Files (x86)\Cypress\PSoC Creator\3.2\PSoC Creator\psoc\content\cycomponentlibrary\CyComponentLibrary.cylib\BLE_v2_0\Library\gccCyBLEStack_BLE_SOC_PERIPHERAL.a(CyBleControllerIP_Interface.o)
                0x00002750                CyBleController_ExitLowPowerMode

i.CyBleController_Init
                0x00002760       0x32
 i.CyBleController_Init
                0x00002760       0x32 C:\Program Files (x86)\Cypress\PSoC Creator\3.2\PSoC Creator\psoc\content\cycomponentlibrary\CyComponentLibrary.cylib\BLE_v2_0\Library\gccCyBLEStack_BLE_SOC_PERIPHERAL.a(CyBleControllerIP_Interface.o)
                0x00002760                CyBleController_Init

i.CyBleController_SetDeviceAddress
                0x00002792       0x2e
 i.CyBleController_SetDeviceAddress
                0x00002792       0x2e C:\Program Files (x86)\Cypress\PSoC Creator\3.2\PSoC Creator\psoc\content\cycomponentlibrary\CyComponentLibrary.cylib\BLE_v2_0\Library\gccCyBLEStack_BLE_SOC_PERIPHERAL.a(CyBleControllerIP_Interface.o)
                0x00002792                CyBleController_SetDeviceAddress

i.CyBle_GetTxPowerLevel
                0x000027c0       0x4e
 i.CyBle_GetTxPowerLevel
                0x000027c0       0x4e C:\Program Files (x86)\Cypress\PSoC Creator\3.2\PSoC Creator\psoc\content\cycomponentlibrary\CyComponentLibrary.cylib\BLE_v2_0\Library\gccCyBLEStack_BLE_SOC_PERIPHERAL.a(CyBleControllerIP_Interface.o)
                0x000027c0                CyBle_GetTxPowerLevel

i.CyBle_SetTxPowerLevel
                0x0000280e       0x56
 i.CyBle_SetTxPowerLevel
                0x0000280e       0x56 C:\Program Files (x86)\Cypress\PSoC Creator\3.2\PSoC Creator\psoc\content\cycomponentlibrary\CyComponentLibrary.cylib\BLE_v2_0\Library\gccCyBLEStack_BLE_SOC_PERIPHERAL.a(CyBleControllerIP_Interface.o)
                0x0000280e                CyBle_SetTxPowerLevel

i.ll_check_and_mark_packet_ready_for_transmission
                0x00002864       0x28
 i.ll_check_and_mark_packet_ready_for_transmission
                0x00002864       0x28 C:\Program Files (x86)\Cypress\PSoC Creator\3.2\PSoC Creator\psoc\content\cycomponentlibrary\CyComponentLibrary.cylib\BLE_v2_0\Library\gccCyBLEStack_BLE_SOC_PERIPHERAL.a(ll.o)
                0x00002864                ll_check_and_mark_packet_ready_for_transmission

i.ll_cleanup_pending_data_pdu
                0x0000288c       0x38
 i.ll_cleanup_pending_data_pdu
                0x0000288c       0x38 C:\Program Files (x86)\Cypress\PSoC Creator\3.2\PSoC Creator\psoc\content\cycomponentlibrary\CyComponentLibrary.cylib\BLE_v2_0\Library\gccCyBLEStack_BLE_SOC_PERIPHERAL.a(ll.o)
                0x0000288c                ll_cleanup_pending_data_pdu

i.ll_exit_low_power_mode
                0x000028c4       0xac
 i.ll_exit_low_power_mode
                0x000028c4       0xac C:\Program Files (x86)\Cypress\PSoC Creator\3.2\PSoC Creator\psoc\content\cycomponentlibrary\CyComponentLibrary.cylib\BLE_v2_0\Library\gccCyBLEStack_BLE_SOC_PERIPHERAL.a(ll.o)
                0x000028c4                ll_exit_low_power_mode

i.ll_get_ack_status
                0x00002970       0x3c
 i.ll_get_ack_status
                0x00002970       0x3c C:\Program Files (x86)\Cypress\PSoC Creator\3.2\PSoC Creator\psoc\content\cycomponentlibrary\CyComponentLibrary.cylib\BLE_v2_0\Library\gccCyBLEStack_BLE_SOC_PERIPHERAL.a(ll.o)
                0x00002970                ll_get_ack_status

i.ll_get_adv_ch_tx_power
                0x000029ac       0x20
 i.ll_get_adv_ch_tx_power
                0x000029ac       0x20 C:\Program Files (x86)\Cypress\PSoC Creator\3.2\PSoC Creator\psoc\content\cycomponentlibrary\CyComponentLibrary.cylib\BLE_v2_0\Library\gccCyBLEStack_BLE_SOC_PERIPHERAL.a(ll.o)
                0x000029ac                ll_get_adv_ch_tx_power

i.ll_get_data_channel_map
                0x000029cc       0x24
 i.ll_get_data_channel_map
                0x000029cc       0x24 C:\Program Files (x86)\Cypress\PSoC Creator\3.2\PSoC Creator\psoc\content\cycomponentlibrary\CyComponentLibrary.cylib\BLE_v2_0\Library\gccCyBLEStack_BLE_SOC_PERIPHERAL.a(ll.o)
                0x000029cc                ll_get_data_channel_map

i.ll_get_max_white_list_size
                0x000029f0        0xc
 i.ll_get_max_white_list_size
                0x000029f0        0xc C:\Program Files (x86)\Cypress\PSoC Creator\3.2\PSoC Creator\psoc\content\cycomponentlibrary\CyComponentLibrary.cylib\BLE_v2_0\Library\gccCyBLEStack_BLE_SOC_PERIPHERAL.a(ll.o)
                0x000029f0                ll_get_max_white_list_size

i.ll_get_my_role
                0x000029fc        0xc
 i.ll_get_my_role
                0x000029fc        0xc C:\Program Files (x86)\Cypress\PSoC Creator\3.2\PSoC Creator\psoc\content\cycomponentlibrary\CyComponentLibrary.cylib\BLE_v2_0\Library\gccCyBLEStack_BLE_SOC_PERIPHERAL.a(ll.o)
                0x000029fc                ll_get_my_role

i.ll_get_next_available_fifo_for_data_pdu
                0x00002a08        0x8
 i.ll_get_next_available_fifo_for_data_pdu
                0x00002a08        0x8 C:\Program Files (x86)\Cypress\PSoC Creator\3.2\PSoC Creator\psoc\content\cycomponentlibrary\CyComponentLibrary.cylib\BLE_v2_0\Library\gccCyBLEStack_BLE_SOC_PERIPHERAL.a(ll.o)
                0x00002a08                ll_get_next_available_fifo_for_data_pdu

i.ll_get_next_available_fifo_for_ll_pdu
                0x00002a10       0x24
 i.ll_get_next_available_fifo_for_ll_pdu
                0x00002a10       0x24 C:\Program Files (x86)\Cypress\PSoC Creator\3.2\PSoC Creator\psoc\content\cycomponentlibrary\CyComponentLibrary.cylib\BLE_v2_0\Library\gccCyBLEStack_BLE_SOC_PERIPHERAL.a(ll.o)
                0x00002a10                ll_get_next_available_fifo_for_ll_pdu

i.ll_get_rssi_value
                0x00002a34       0x26
 i.ll_get_rssi_value
                0x00002a34       0x26 C:\Program Files (x86)\Cypress\PSoC Creator\3.2\PSoC Creator\psoc\content\cycomponentlibrary\CyComponentLibrary.cylib\BLE_v2_0\Library\gccCyBLEStack_BLE_SOC_PERIPHERAL.a(ll.o)
                0x00002a34                ll_get_rssi_value

i.ll_get_transmit_power_level
                0x00002a5c       0x2c
 i.ll_get_transmit_power_level
                0x00002a5c       0x2c C:\Program Files (x86)\Cypress\PSoC Creator\3.2\PSoC Creator\psoc\content\cycomponentlibrary\CyComponentLibrary.cylib\BLE_v2_0\Library\gccCyBLEStack_BLE_SOC_PERIPHERAL.a(ll.o)
                0x00002a5c                ll_get_transmit_power_level

i.ll_handle_ack_received
                0x00002a88       0x74
 i.ll_handle_ack_received
                0x00002a88       0x74 C:\Program Files (x86)\Cypress\PSoC Creator\3.2\PSoC Creator\psoc\content\cycomponentlibrary\CyComponentLibrary.cylib\BLE_v2_0\Library\gccCyBLEStack_BLE_SOC_PERIPHERAL.a(ll.o)
                0x00002a88                ll_handle_ack_received

i.ll_handle_add_device_in_whitelist
                0x00002afc       0x3a
 i.ll_handle_add_device_in_whitelist
                0x00002afc       0x3a C:\Program Files (x86)\Cypress\PSoC Creator\3.2\PSoC Creator\psoc\content\cycomponentlibrary\CyComponentLibrary.cylib\BLE_v2_0\Library\gccCyBLEStack_BLE_SOC_PERIPHERAL.a(ll.o)
                0x00002afc                ll_handle_add_device_in_whitelist

i.ll_handle_clear_whitelist
                0x00002b36       0x16
 i.ll_handle_clear_whitelist
                0x00002b36       0x16 C:\Program Files (x86)\Cypress\PSoC Creator\3.2\PSoC Creator\psoc\content\cycomponentlibrary\CyComponentLibrary.cylib\BLE_v2_0\Library\gccCyBLEStack_BLE_SOC_PERIPHERAL.a(ll.o)
                0x00002b36                ll_handle_clear_whitelist

i.ll_handle_encrypt_host_data
                0x00002b4c       0x36
 i.ll_handle_encrypt_host_data
                0x00002b4c       0x36 C:\Program Files (x86)\Cypress\PSoC Creator\3.2\PSoC Creator\psoc\content\cycomponentlibrary\CyComponentLibrary.cylib\BLE_v2_0\Library\gccCyBLEStack_BLE_SOC_PERIPHERAL.a(ll.o)
                0x00002b4c                ll_handle_encrypt_host_data

i.ll_handle_host_data_packet
                0x00002b82       0x54
 i.ll_handle_host_data_packet
                0x00002b82       0x54 C:\Program Files (x86)\Cypress\PSoC Creator\3.2\PSoC Creator\psoc\content\cycomponentlibrary\CyComponentLibrary.cylib\BLE_v2_0\Library\gccCyBLEStack_BLE_SOC_PERIPHERAL.a(ll.o)
                0x00002b82                ll_handle_host_data_packet

i.ll_handle_read_host_channel_map
                0x00002bd6        0x4
 i.ll_handle_read_host_channel_map
                0x00002bd6        0x4 C:\Program Files (x86)\Cypress\PSoC Creator\3.2\PSoC Creator\psoc\content\cycomponentlibrary\CyComponentLibrary.cylib\BLE_v2_0\Library\gccCyBLEStack_BLE_SOC_PERIPHERAL.a(ll.o)
                0x00002bd6                ll_handle_read_host_channel_map

i.ll_handle_remove_device_in_whitelist
                0x00002bda       0x2a
 i.ll_handle_remove_device_in_whitelist
                0x00002bda       0x2a C:\Program Files (x86)\Cypress\PSoC Creator\3.2\PSoC Creator\psoc\content\cycomponentlibrary\CyComponentLibrary.cylib\BLE_v2_0\Library\gccCyBLEStack_BLE_SOC_PERIPHERAL.a(ll.o)
                0x00002bda                ll_handle_remove_device_in_whitelist

i.ll_handle_reset
                0x00002c04        0xe
 i.ll_handle_reset
                0x00002c04        0xe C:\Program Files (x86)\Cypress\PSoC Creator\3.2\PSoC Creator\psoc\content\cycomponentlibrary\CyComponentLibrary.cylib\BLE_v2_0\Library\gccCyBLEStack_BLE_SOC_PERIPHERAL.a(ll.o)
                0x00002c04                ll_handle_reset

i.ll_handle_set_random_address
                0x00002c12       0x36
 i.ll_handle_set_random_address
                0x00002c12       0x36 C:\Program Files (x86)\Cypress\PSoC Creator\3.2\PSoC Creator\psoc\content\cycomponentlibrary\CyComponentLibrary.cylib\BLE_v2_0\Library\gccCyBLEStack_BLE_SOC_PERIPHERAL.a(ll.o)
                0x00002c12                ll_handle_set_random_address

i.ll_init       0x00002c48       0x18
 i.ll_init      0x00002c48       0x18 C:\Program Files (x86)\Cypress\PSoC Creator\3.2\PSoC Creator\psoc\content\cycomponentlibrary\CyComponentLibrary.cylib\BLE_v2_0\Library\gccCyBLEStack_BLE_SOC_PERIPHERAL.a(ll.o)
                0x00002c48                ll_init

i.ll_initialize_device_attributes
                0x00002c60       0x4c
 i.ll_initialize_device_attributes
                0x00002c60       0x4c C:\Program Files (x86)\Cypress\PSoC Creator\3.2\PSoC Creator\psoc\content\cycomponentlibrary\CyComponentLibrary.cylib\BLE_v2_0\Library\gccCyBLEStack_BLE_SOC_PERIPHERAL.a(ll.o)
                0x00002c60                ll_initialize_device_attributes

i.ll_is_pkt_pending
                0x00002cac       0x2a
 i.ll_is_pkt_pending
                0x00002cac       0x2a C:\Program Files (x86)\Cypress\PSoC Creator\3.2\PSoC Creator\psoc\content\cycomponentlibrary\CyComponentLibrary.cylib\BLE_v2_0\Library\gccCyBLEStack_BLE_SOC_PERIPHERAL.a(ll.o)
                0x00002cac                ll_is_pkt_pending

i.ll_is_sent_pkt_pending
                0x00002cd6       0x1a
 i.ll_is_sent_pkt_pending
                0x00002cd6       0x1a C:\Program Files (x86)\Cypress\PSoC Creator\3.2\PSoC Creator\psoc\content\cycomponentlibrary\CyComponentLibrary.cylib\BLE_v2_0\Library\gccCyBLEStack_BLE_SOC_PERIPHERAL.a(ll.o)
                0x00002cd6                ll_is_sent_pkt_pending

i.ll_isr_exit_low_power_mode
                0x00002cf0       0x16
 i.ll_isr_exit_low_power_mode
                0x00002cf0       0x16 C:\Program Files (x86)\Cypress\PSoC Creator\3.2\PSoC Creator\psoc\content\cycomponentlibrary\CyComponentLibrary.cylib\BLE_v2_0\Library\gccCyBLEStack_BLE_SOC_PERIPHERAL.a(ll.o)
                0x00002cf0                ll_isr_exit_low_power_mode

i.ll_load_host_data_packet
                0x00002d06       0x4a
 i.ll_load_host_data_packet
                0x00002d06       0x4a C:\Program Files (x86)\Cypress\PSoC Creator\3.2\PSoC Creator\psoc\content\cycomponentlibrary\CyComponentLibrary.cylib\BLE_v2_0\Library\gccCyBLEStack_BLE_SOC_PERIPHERAL.a(ll.o)
                0x00002d06                ll_load_host_data_packet

i.ll_load_packet_to_fifo
                0x00002d50       0x6e
 i.ll_load_packet_to_fifo
                0x00002d50       0x6e C:\Program Files (x86)\Cypress\PSoC Creator\3.2\PSoC Creator\psoc\content\cycomponentlibrary\CyComponentLibrary.cylib\BLE_v2_0\Library\gccCyBLEStack_BLE_SOC_PERIPHERAL.a(ll.o)
                0x00002d50                ll_load_packet_to_fifo

i.ll_process_acks
                0x00002dbe       0x3c
 i.ll_process_acks
                0x00002dbe       0x3c C:\Program Files (x86)\Cypress\PSoC Creator\3.2\PSoC Creator\psoc\content\cycomponentlibrary\CyComponentLibrary.cylib\BLE_v2_0\Library\gccCyBLEStack_BLE_SOC_PERIPHERAL.a(ll.o)
                0x00002dbe                ll_process_acks

i.ll_reset      0x00002dfa       0x12
 i.ll_reset     0x00002dfa       0x12 C:\Program Files (x86)\Cypress\PSoC Creator\3.2\PSoC Creator\psoc\content\cycomponentlibrary\CyComponentLibrary.cylib\BLE_v2_0\Library\gccCyBLEStack_BLE_SOC_PERIPHERAL.a(ll.o)
                0x00002dfa                ll_reset

i.ll_update_active_features
                0x00002e0c       0x58
 i.ll_update_active_features
                0x00002e0c       0x58 C:\Program Files (x86)\Cypress\PSoC Creator\3.2\PSoC Creator\psoc\content\cycomponentlibrary\CyComponentLibrary.cylib\BLE_v2_0\Library\gccCyBLEStack_BLE_SOC_PERIPHERAL.a(ll.o)
                0x00002e0c                ll_update_active_features

i.ll_update_device_fsm
                0x00002e64        0x8
 i.ll_update_device_fsm
                0x00002e64        0x8 C:\Program Files (x86)\Cypress\PSoC Creator\3.2\PSoC Creator\psoc\content\cycomponentlibrary\CyComponentLibrary.cylib\BLE_v2_0\Library\gccCyBLEStack_BLE_SOC_PERIPHERAL.a(ll.o)
                0x00002e64                ll_update_device_fsm

i.pf_le_start_timer
                0x00002e6c       0x16
 i.pf_le_start_timer
                0x00002e6c       0x16 C:\Program Files (x86)\Cypress\PSoC Creator\3.2\PSoC Creator\psoc\content\cycomponentlibrary\CyComponentLibrary.cylib\BLE_v2_0\Library\gccCyBLEStack_BLE_SOC_PERIPHERAL.a(ll.o)
                0x00002e6c                pf_le_start_timer

i.pf_le_stop_timer
                0x00002e82       0x12
 i.pf_le_stop_timer
                0x00002e82       0x12 C:\Program Files (x86)\Cypress\PSoC Creator\3.2\PSoC Creator\psoc\content\cycomponentlibrary\CyComponentLibrary.cylib\BLE_v2_0\Library\gccCyBLEStack_BLE_SOC_PERIPHERAL.a(ll.o)
                0x00002e82                pf_le_stop_timer

i.CyBleControllerIP_TuneAdvEventInterPktSlots
                0x00002e94       0x44
 i.CyBleControllerIP_TuneAdvEventInterPktSlots
                0x00002e94       0x44 C:\Program Files (x86)\Cypress\PSoC Creator\3.2\PSoC Creator\psoc\content\cycomponentlibrary\CyComponentLibrary.cylib\BLE_v2_0\Library\gccCyBLEStack_BLE_SOC_PERIPHERAL.a(ll_advertiser.o)
                0x00002e94                CyBleControllerIP_TuneAdvEventInterPktSlots

i.ll_adv_is_configured_connection_adv
                0x00002ed8       0x1e
 i.ll_adv_is_configured_connection_adv
                0x00002ed8       0x1e C:\Program Files (x86)\Cypress\PSoC Creator\3.2\PSoC Creator\psoc\content\cycomponentlibrary\CyComponentLibrary.cylib\BLE_v2_0\Library\gccCyBLEStack_BLE_SOC_PERIPHERAL.a(ll_advertiser.o)
                0x00002ed8                ll_adv_is_configured_connection_adv

i.ll_check_random_address_in_use_by_advertiser
                0x00002ef6       0x10
 i.ll_check_random_address_in_use_by_advertiser
                0x00002ef6       0x10 C:\Program Files (x86)\Cypress\PSoC Creator\3.2\PSoC Creator\psoc\content\cycomponentlibrary\CyComponentLibrary.cylib\BLE_v2_0\Library\gccCyBLEStack_BLE_SOC_PERIPHERAL.a(ll_advertiser.o)
                0x00002ef6                ll_check_random_address_in_use_by_advertiser

i.ll_check_whitelist_in_use_by_advertiser
                0x00002f06       0x10
 i.ll_check_whitelist_in_use_by_advertiser
                0x00002f06       0x10 C:\Program Files (x86)\Cypress\PSoC Creator\3.2\PSoC Creator\psoc\content\cycomponentlibrary\CyComponentLibrary.cylib\BLE_v2_0\Library\gccCyBLEStack_BLE_SOC_PERIPHERAL.a(ll_advertiser.o)
                0x00002f06                ll_check_whitelist_in_use_by_advertiser

i.ll_get_adv_status
                0x00002f16        0xc
 i.ll_get_adv_status
                0x00002f16        0xc C:\Program Files (x86)\Cypress\PSoC Creator\3.2\PSoC Creator\psoc\content\cycomponentlibrary\CyComponentLibrary.cylib\BLE_v2_0\Library\gccCyBLEStack_BLE_SOC_PERIPHERAL.a(ll_advertiser.o)
                0x00002f16                ll_get_adv_status

i.ll_get_adv_type
                0x00002f22       0x16
 i.ll_get_adv_type
                0x00002f22       0x16 C:\Program Files (x86)\Cypress\PSoC Creator\3.2\PSoC Creator\psoc\content\cycomponentlibrary\CyComponentLibrary.cylib\BLE_v2_0\Library\gccCyBLEStack_BLE_SOC_PERIPHERAL.a(ll_advertiser.o)
                0x00002f22                ll_get_adv_type

i.ll_handle_adv_intr
                0x00002f38       0x50
 i.ll_handle_adv_intr
                0x00002f38       0x50 C:\Program Files (x86)\Cypress\PSoC Creator\3.2\PSoC Creator\psoc\content\cycomponentlibrary\CyComponentLibrary.cylib\BLE_v2_0\Library\gccCyBLEStack_BLE_SOC_PERIPHERAL.a(ll_advertiser.o)
                0x00002f38                ll_handle_adv_intr

i.ll_handle_set_adv_data
                0x00002f88       0x14
 i.ll_handle_set_adv_data
                0x00002f88       0x14 C:\Program Files (x86)\Cypress\PSoC Creator\3.2\PSoC Creator\psoc\content\cycomponentlibrary\CyComponentLibrary.cylib\BLE_v2_0\Library\gccCyBLEStack_BLE_SOC_PERIPHERAL.a(ll_advertiser.o)
                0x00002f88                ll_handle_set_adv_data

i.ll_handle_set_adv_parameters
                0x00002f9c       0x84
 i.ll_handle_set_adv_parameters
                0x00002f9c       0x84 C:\Program Files (x86)\Cypress\PSoC Creator\3.2\PSoC Creator\psoc\content\cycomponentlibrary\CyComponentLibrary.cylib\BLE_v2_0\Library\gccCyBLEStack_BLE_SOC_PERIPHERAL.a(ll_advertiser.o)
                0x00002f9c                ll_handle_set_adv_parameters

i.ll_handle_set_advertise_enable
                0x00003020       0x70
 i.ll_handle_set_advertise_enable
                0x00003020       0x70 C:\Program Files (x86)\Cypress\PSoC Creator\3.2\PSoC Creator\psoc\content\cycomponentlibrary\CyComponentLibrary.cylib\BLE_v2_0\Library\gccCyBLEStack_BLE_SOC_PERIPHERAL.a(ll_advertiser.o)
                0x00003020                ll_handle_set_advertise_enable

i.ll_handle_set_scan_resp_data
                0x00003090       0x14
 i.ll_handle_set_scan_resp_data
                0x00003090       0x14 C:\Program Files (x86)\Cypress\PSoC Creator\3.2\PSoC Creator\psoc\content\cycomponentlibrary\CyComponentLibrary.cylib\BLE_v2_0\Library\gccCyBLEStack_BLE_SOC_PERIPHERAL.a(ll_advertiser.o)
                0x00003090                ll_handle_set_scan_resp_data

i.ll_init_advertiser
                0x000030a4       0x68
 i.ll_init_advertiser
                0x000030a4       0x68 C:\Program Files (x86)\Cypress\PSoC Creator\3.2\PSoC Creator\psoc\content\cycomponentlibrary\CyComponentLibrary.cylib\BLE_v2_0\Library\gccCyBLEStack_BLE_SOC_PERIPHERAL.a(ll_advertiser.o)
                0x000030a4                ll_init_advertiser

i.is_le_connection_handle
                0x0000310c       0x28
 i.is_le_connection_handle
                0x0000310c       0x28 C:\Program Files (x86)\Cypress\PSoC Creator\3.2\PSoC Creator\psoc\content\cycomponentlibrary\CyComponentLibrary.cylib\BLE_v2_0\Library\gccCyBLEStack_BLE_SOC_PERIPHERAL.a(ll_connection.o)
                0x0000310c                is_le_connection_handle

i.le_assign_connection_handle
                0x00003134       0x28
 i.le_assign_connection_handle
                0x00003134       0x28 C:\Program Files (x86)\Cypress\PSoC Creator\3.2\PSoC Creator\psoc\content\cycomponentlibrary\CyComponentLibrary.cylib\BLE_v2_0\Library\gccCyBLEStack_BLE_SOC_PERIPHERAL.a(ll_connection.o)
                0x00003134                le_assign_connection_handle

i.le_get_connection_index
                0x0000315c        0x6
 i.le_get_connection_index
                0x0000315c        0x6 C:\Program Files (x86)\Cypress\PSoC Creator\3.2\PSoC Creator\psoc\content\cycomponentlibrary\CyComponentLibrary.cylib\BLE_v2_0\Library\gccCyBLEStack_BLE_SOC_PERIPHERAL.a(ll_connection.o)
                0x0000315c                le_get_connection_index

i.ll_allocate_connection
                0x00003164       0x44
 i.ll_allocate_connection
                0x00003164       0x44 C:\Program Files (x86)\Cypress\PSoC Creator\3.2\PSoC Creator\psoc\content\cycomponentlibrary\CyComponentLibrary.cylib\BLE_v2_0\Library\gccCyBLEStack_BLE_SOC_PERIPHERAL.a(ll_connection.o)
                0x00003164                ll_allocate_connection

i.ll_calculate_and_program_def_win_widen_drift
                0x000031a8       0x14
 i.ll_calculate_and_program_def_win_widen_drift
                0x000031a8       0x14 C:\Program Files (x86)\Cypress\PSoC Creator\3.2\PSoC Creator\psoc\content\cycomponentlibrary\CyComponentLibrary.cylib\BLE_v2_0\Library\gccCyBLEStack_BLE_SOC_PERIPHERAL.a(ll_connection.o)
                0x000031a8                ll_calculate_and_program_def_win_widen_drift

i.ll_calculate_drift
                0x000031bc       0x2c
 i.ll_calculate_drift
                0x000031bc       0x2c C:\Program Files (x86)\Cypress\PSoC Creator\3.2\PSoC Creator\psoc\content\cycomponentlibrary\CyComponentLibrary.cylib\BLE_v2_0\Library\gccCyBLEStack_BLE_SOC_PERIPHERAL.a(ll_connection.o)
                0x000031bc                ll_calculate_drift

i.ll_check_and_decrypt_ll_pdu
                0x000031e8       0x68
 i.ll_check_and_decrypt_ll_pdu
                0x000031e8       0x68 C:\Program Files (x86)\Cypress\PSoC Creator\3.2\PSoC Creator\psoc\content\cycomponentlibrary\CyComponentLibrary.cylib\BLE_v2_0\Library\gccCyBLEStack_BLE_SOC_PERIPHERAL.a(ll_connection.o)
                0x000031e8                ll_check_and_decrypt_ll_pdu

i.ll_check_and_decrypt_packet
                0x00003250       0x6a
 i.ll_check_and_decrypt_packet
                0x00003250       0x6a C:\Program Files (x86)\Cypress\PSoC Creator\3.2\PSoC Creator\psoc\content\cycomponentlibrary\CyComponentLibrary.cylib\BLE_v2_0\Library\gccCyBLEStack_BLE_SOC_PERIPHERAL.a(ll_connection.o)
                0x00003250                ll_check_and_decrypt_packet

i.ll_check_and_encrypt_ll_pdu
                0x000032ba       0x72
 i.ll_check_and_encrypt_ll_pdu
                0x000032ba       0x72 C:\Program Files (x86)\Cypress\PSoC Creator\3.2\PSoC Creator\psoc\content\cycomponentlibrary\CyComponentLibrary.cylib\BLE_v2_0\Library\gccCyBLEStack_BLE_SOC_PERIPHERAL.a(ll_connection.o)
                0x000032ba                ll_check_and_encrypt_ll_pdu

i.ll_check_and_encrypt_packet
                0x0000332c       0x8a
 i.ll_check_and_encrypt_packet
                0x0000332c       0x8a C:\Program Files (x86)\Cypress\PSoC Creator\3.2\PSoC Creator\psoc\content\cycomponentlibrary\CyComponentLibrary.cylib\BLE_v2_0\Library\gccCyBLEStack_BLE_SOC_PERIPHERAL.a(ll_connection.o)
                0x0000332c                ll_check_and_encrypt_packet

i.ll_check_for_allowing_incoming_connection_update
                0x000033b6       0x42
 i.ll_check_for_allowing_incoming_connection_update
                0x000033b6       0x42 C:\Program Files (x86)\Cypress\PSoC Creator\3.2\PSoC Creator\psoc\content\cycomponentlibrary\CyComponentLibrary.cylib\BLE_v2_0\Library\gccCyBLEStack_BLE_SOC_PERIPHERAL.a(ll_connection.o)
                0x000033b6                ll_check_for_allowing_incoming_connection_update

i.ll_check_if_pdu_is_loaded_to_hardware
                0x000033f8       0x1c
 i.ll_check_if_pdu_is_loaded_to_hardware
                0x000033f8       0x1c C:\Program Files (x86)\Cypress\PSoC Creator\3.2\PSoC Creator\psoc\content\cycomponentlibrary\CyComponentLibrary.cylib\BLE_v2_0\Library\gccCyBLEStack_BLE_SOC_PERIPHERAL.a(ll_connection.o)
                0x000033f8                ll_check_if_pdu_is_loaded_to_hardware

i.ll_check_random_address_in_use_by_initiator
                0x00003414       0x30
 i.ll_check_random_address_in_use_by_initiator
                0x00003414       0x30 C:\Program Files (x86)\Cypress\PSoC Creator\3.2\PSoC Creator\psoc\content\cycomponentlibrary\CyComponentLibrary.cylib\BLE_v2_0\Library\gccCyBLEStack_BLE_SOC_PERIPHERAL.a(ll_connection.o)
                0x00003414                ll_check_random_address_in_use_by_initiator

i.ll_check_white_list_in_use_by_initiator
                0x00003444       0x30
 i.ll_check_white_list_in_use_by_initiator
                0x00003444       0x30 C:\Program Files (x86)\Cypress\PSoC Creator\3.2\PSoC Creator\psoc\content\cycomponentlibrary\CyComponentLibrary.cylib\BLE_v2_0\Library\gccCyBLEStack_BLE_SOC_PERIPHERAL.a(ll_connection.o)
                0x00003444                ll_check_white_list_in_use_by_initiator

i.ll_conn_free_enc_txn_buffer
                0x00003474       0x16
 i.ll_conn_free_enc_txn_buffer
                0x00003474       0x16 C:\Program Files (x86)\Cypress\PSoC Creator\3.2\PSoC Creator\psoc\content\cycomponentlibrary\CyComponentLibrary.cylib\BLE_v2_0\Library\gccCyBLEStack_BLE_SOC_PERIPHERAL.a(ll_connection.o)
                0x00003474                ll_conn_free_enc_txn_buffer

i.ll_conn_fsm_update_channel_state
                0x0000348a        0x6
 i.ll_conn_fsm_update_channel_state
                0x0000348a        0x6 C:\Program Files (x86)\Cypress\PSoC Creator\3.2\PSoC Creator\psoc\content\cycomponentlibrary\CyComponentLibrary.cylib\BLE_v2_0\Library\gccCyBLEStack_BLE_SOC_PERIPHERAL.a(ll_connection.o)
                0x0000348a                ll_conn_fsm_update_channel_state

i.ll_conn_fsm_update_conn_update_state
                0x00003490        0x6
 i.ll_conn_fsm_update_conn_update_state
                0x00003490        0x6 C:\Program Files (x86)\Cypress\PSoC Creator\3.2\PSoC Creator\psoc\content\cycomponentlibrary\CyComponentLibrary.cylib\BLE_v2_0\Library\gccCyBLEStack_BLE_SOC_PERIPHERAL.a(ll_connection.o)
                0x00003490                ll_conn_fsm_update_conn_update_state

i.ll_conn_fsm_update_enc_state
                0x00003496        0x6
 i.ll_conn_fsm_update_enc_state
                0x00003496        0x6 C:\Program Files (x86)\Cypress\PSoC Creator\3.2\PSoC Creator\psoc\content\cycomponentlibrary\CyComponentLibrary.cylib\BLE_v2_0\Library\gccCyBLEStack_BLE_SOC_PERIPHERAL.a(ll_connection.o)
                0x00003496                ll_conn_fsm_update_enc_state

i.ll_conn_fsm_update_state
                0x0000349c        0x4
 i.ll_conn_fsm_update_state
                0x0000349c        0x4 C:\Program Files (x86)\Cypress\PSoC Creator\3.2\PSoC Creator\psoc\content\cycomponentlibrary\CyComponentLibrary.cylib\BLE_v2_0\Library\gccCyBLEStack_BLE_SOC_PERIPHERAL.a(ll_connection.o)
                0x0000349c                ll_conn_fsm_update_state

i.ll_conn_handle_data_pdu_from_host_when_data_paused
                0x000034a0        0x8
 i.ll_conn_handle_data_pdu_from_host_when_data_paused
                0x000034a0        0x8 C:\Program Files (x86)\Cypress\PSoC Creator\3.2\PSoC Creator\psoc\content\cycomponentlibrary\CyComponentLibrary.cylib\BLE_v2_0\Library\gccCyBLEStack_BLE_SOC_PERIPHERAL.a(ll_connection.o)
                0x000034a0                ll_conn_handle_data_pdu_from_host_when_data_paused

i.ll_conn_handle_direct_adv_timeout
                0x000034a8       0x2a
 i.ll_conn_handle_direct_adv_timeout
                0x000034a8       0x2a C:\Program Files (x86)\Cypress\PSoC Creator\3.2\PSoC Creator\psoc\content\cycomponentlibrary\CyComponentLibrary.cylib\BLE_v2_0\Library\gccCyBLEStack_BLE_SOC_PERIPHERAL.a(ll_connection.o)
                0x000034a8                ll_conn_handle_direct_adv_timeout

i.ll_conn_handle_ping_timer_expired_interrupt
                0x000034d4       0x1c
 i.ll_conn_handle_ping_timer_expired_interrupt
                0x000034d4       0x1c C:\Program Files (x86)\Cypress\PSoC Creator\3.2\PSoC Creator\psoc\content\cycomponentlibrary\CyComponentLibrary.cylib\BLE_v2_0\Library\gccCyBLEStack_BLE_SOC_PERIPHERAL.a(ll_connection.o)
                0x000034d4                ll_conn_handle_ping_timer_expired_interrupt

i.ll_conn_handle_ping_timer_nearly_expired_interrupt
                0x000034f0       0x20
 i.ll_conn_handle_ping_timer_nearly_expired_interrupt
                0x000034f0       0x20 C:\Program Files (x86)\Cypress\PSoC Creator\3.2\PSoC Creator\psoc\content\cycomponentlibrary\CyComponentLibrary.cylib\BLE_v2_0\Library\gccCyBLEStack_BLE_SOC_PERIPHERAL.a(ll_connection.o)
                0x000034f0                ll_conn_handle_ping_timer_nearly_expired_interrupt

i.ll_conn_handle_stop_connectable_adv
                0x00003510       0x12
 i.ll_conn_handle_stop_connectable_adv
                0x00003510       0x12 C:\Program Files (x86)\Cypress\PSoC Creator\3.2\PSoC Creator\psoc\content\cycomponentlibrary\CyComponentLibrary.cylib\BLE_v2_0\Library\gccCyBLEStack_BLE_SOC_PERIPHERAL.a(ll_connection.o)
                0x00003510                ll_conn_handle_stop_connectable_adv

i.ll_conn_process_pending_transactions
                0x00003522        0x4
 i.ll_conn_process_pending_transactions
                0x00003522        0x4 C:\Program Files (x86)\Cypress\PSoC Creator\3.2\PSoC Creator\psoc\content\cycomponentlibrary\CyComponentLibrary.cylib\BLE_v2_0\Library\gccCyBLEStack_BLE_SOC_PERIPHERAL.a(ll_connection.o)
                0x00003522                ll_conn_process_pending_transactions

i.ll_conn_program_authenticated_payload_timer
                0x00003528       0x50
 i.ll_conn_program_authenticated_payload_timer
                0x00003528       0x50 C:\Program Files (x86)\Cypress\PSoC Creator\3.2\PSoC Creator\psoc\content\cycomponentlibrary\CyComponentLibrary.cylib\BLE_v2_0\Library\gccCyBLEStack_BLE_SOC_PERIPHERAL.a(ll_connection.o)
                0x00003528                ll_conn_program_authenticated_payload_timer

i.ll_conn_read_data_pdu_from_hardware
                0x00003578       0x14
 i.ll_conn_read_data_pdu_from_hardware
                0x00003578       0x14 C:\Program Files (x86)\Cypress\PSoC Creator\3.2\PSoC Creator\psoc\content\cycomponentlibrary\CyComponentLibrary.cylib\BLE_v2_0\Library\gccCyBLEStack_BLE_SOC_PERIPHERAL.a(ll_connection.o)
                0x00003578                ll_conn_read_data_pdu_from_hardware

i.ll_conn_send_ping_req_pdu
                0x0000358c       0x40
 i.ll_conn_send_ping_req_pdu
                0x0000358c       0x40 C:\Program Files (x86)\Cypress\PSoC Creator\3.2\PSoC Creator\psoc\content\cycomponentlibrary\CyComponentLibrary.cylib\BLE_v2_0\Library\gccCyBLEStack_BLE_SOC_PERIPHERAL.a(ll_connection.o)
                0x0000358c                ll_conn_send_ping_req_pdu

i.ll_conn_store_pending_tx_pdu
                0x000035cc       0x1a
 i.ll_conn_store_pending_tx_pdu
                0x000035cc       0x1a C:\Program Files (x86)\Cypress\PSoC Creator\3.2\PSoC Creator\psoc\content\cycomponentlibrary\CyComponentLibrary.cylib\BLE_v2_0\Library\gccCyBLEStack_BLE_SOC_PERIPHERAL.a(ll_connection.o)
                0x000035cc                ll_conn_store_pending_tx_pdu

i.ll_conn_update_rssi
                0x000035e6       0x16
 i.ll_conn_update_rssi
                0x000035e6       0x16 C:\Program Files (x86)\Cypress\PSoC Creator\3.2\PSoC Creator\psoc\content\cycomponentlibrary\CyComponentLibrary.cylib\BLE_v2_0\Library\gccCyBLEStack_BLE_SOC_PERIPHERAL.a(ll_connection.o)
                0x000035e6                ll_conn_update_rssi

i.ll_convert_hci_llid_to_ll_llid_host_to_controller
                0x000035fc        0x8
 i.ll_convert_hci_llid_to_ll_llid_host_to_controller
                0x000035fc        0x8 C:\Program Files (x86)\Cypress\PSoC Creator\3.2\PSoC Creator\psoc\content\cycomponentlibrary\CyComponentLibrary.cylib\BLE_v2_0\Library\gccCyBLEStack_BLE_SOC_PERIPHERAL.a(ll_connection.o)
                0x000035fc                ll_convert_hci_llid_to_ll_llid_host_to_controller

i.ll_convert_ll_llid_to_hci_llid_controller_to_host
                0x00003604        0x2
 i.ll_convert_ll_llid_to_hci_llid_controller_to_host
                0x00003604        0x2 C:\Program Files (x86)\Cypress\PSoC Creator\3.2\PSoC Creator\psoc\content\cycomponentlibrary\CyComponentLibrary.cylib\BLE_v2_0\Library\gccCyBLEStack_BLE_SOC_PERIPHERAL.a(ll_connection.o)
                0x00003604                ll_convert_ll_llid_to_hci_llid_controller_to_host

i.ll_decode_and_program_connect_req
                0x00003608       0xec
 i.ll_decode_and_program_connect_req
                0x00003608       0xec C:\Program Files (x86)\Cypress\PSoC Creator\3.2\PSoC Creator\psoc\content\cycomponentlibrary\CyComponentLibrary.cylib\BLE_v2_0\Library\gccCyBLEStack_BLE_SOC_PERIPHERAL.a(ll_connection.o)
                0x00003608                ll_decode_and_program_connect_req

i.ll_enc_fsm_derive_session_key
                0x000036f4       0x46
 i.ll_enc_fsm_derive_session_key
                0x000036f4       0x46 C:\Program Files (x86)\Cypress\PSoC Creator\3.2\PSoC Creator\psoc\content\cycomponentlibrary\CyComponentLibrary.cylib\BLE_v2_0\Library\gccCyBLEStack_BLE_SOC_PERIPHERAL.a(ll_connection.o)
                0x000036f4                ll_enc_fsm_derive_session_key

i.ll_enc_handle_enc_complete
                0x0000373a       0x68
 i.ll_enc_handle_enc_complete
                0x0000373a       0x68 C:\Program Files (x86)\Cypress\PSoC Creator\3.2\PSoC Creator\psoc\content\cycomponentlibrary\CyComponentLibrary.cylib\BLE_v2_0\Library\gccCyBLEStack_BLE_SOC_PERIPHERAL.a(ll_connection.o)
                0x0000373a                ll_enc_handle_enc_complete

i.ll_enc_handle_enc_failure
                0x000037a4       0xa4
 i.ll_enc_handle_enc_failure
                0x000037a4       0xa4 C:\Program Files (x86)\Cypress\PSoC Creator\3.2\PSoC Creator\psoc\content\cycomponentlibrary\CyComponentLibrary.cylib\BLE_v2_0\Library\gccCyBLEStack_BLE_SOC_PERIPHERAL.a(ll_connection.o)
                0x000037a4                ll_enc_handle_enc_failure

i.ll_enc_handle_ll_reject_pdu_cb
                0x00003848       0x24
 i.ll_enc_handle_ll_reject_pdu_cb
                0x00003848       0x24 C:\Program Files (x86)\Cypress\PSoC Creator\3.2\PSoC Creator\psoc\content\cycomponentlibrary\CyComponentLibrary.cylib\BLE_v2_0\Library\gccCyBLEStack_BLE_SOC_PERIPHERAL.a(ll_connection.o)
                0x00003848                ll_enc_handle_ll_reject_pdu_cb

i.ll_enc_handle_ll_terminate_pdu
                0x0000386c       0x16
 i.ll_enc_handle_ll_terminate_pdu
                0x0000386c       0x16 C:\Program Files (x86)\Cypress\PSoC Creator\3.2\PSoC Creator\psoc\content\cycomponentlibrary\CyComponentLibrary.cylib\BLE_v2_0\Library\gccCyBLEStack_BLE_SOC_PERIPHERAL.a(ll_connection.o)
                0x0000386c                ll_enc_handle_ll_terminate_pdu

i.ll_enc_handle_ll_unknown_resp_pdu_cb
                0x00003882       0x24
 i.ll_enc_handle_ll_unknown_resp_pdu_cb
                0x00003882       0x24 C:\Program Files (x86)\Cypress\PSoC Creator\3.2\PSoC Creator\psoc\content\cycomponentlibrary\CyComponentLibrary.cylib\BLE_v2_0\Library\gccCyBLEStack_BLE_SOC_PERIPHERAL.a(ll_connection.o)
                0x00003882                ll_enc_handle_ll_unknown_resp_pdu_cb

i.ll_enc_handle_slave_await_to_start_cb
                0x000038a8       0x80
 i.ll_enc_handle_slave_await_to_start_cb
                0x000038a8       0x80 C:\Program Files (x86)\Cypress\PSoC Creator\3.2\PSoC Creator\psoc\content\cycomponentlibrary\CyComponentLibrary.cylib\BLE_v2_0\Library\gccCyBLEStack_BLE_SOC_PERIPHERAL.a(ll_connection.o)
                0x000038a8                ll_enc_handle_slave_await_to_start_cb

i.ll_enc_handle_slave_enc_resp_ack_cb
                0x00003928       0x28
 i.ll_enc_handle_slave_enc_resp_ack_cb
                0x00003928       0x28 C:\Program Files (x86)\Cypress\PSoC Creator\3.2\PSoC Creator\psoc\content\cycomponentlibrary\CyComponentLibrary.cylib\BLE_v2_0\Library\gccCyBLEStack_BLE_SOC_PERIPHERAL.a(ll_connection.o)
                0x00003928                ll_enc_handle_slave_enc_resp_ack_cb

i.ll_enc_handle_slave_ltk_neg_reply_cb
                0x00003950       0x60
 i.ll_enc_handle_slave_ltk_neg_reply_cb
                0x00003950       0x60 C:\Program Files (x86)\Cypress\PSoC Creator\3.2\PSoC Creator\psoc\content\cycomponentlibrary\CyComponentLibrary.cylib\BLE_v2_0\Library\gccCyBLEStack_BLE_SOC_PERIPHERAL.a(ll_connection.o)
                0x00003950                ll_enc_handle_slave_ltk_neg_reply_cb

i.ll_enc_handle_slave_pause_enc_req_cb
                0x000039b0       0x46
 i.ll_enc_handle_slave_pause_enc_req_cb
                0x000039b0       0x46 C:\Program Files (x86)\Cypress\PSoC Creator\3.2\PSoC Creator\psoc\content\cycomponentlibrary\CyComponentLibrary.cylib\BLE_v2_0\Library\gccCyBLEStack_BLE_SOC_PERIPHERAL.a(ll_connection.o)
                0x000039b0                ll_enc_handle_slave_pause_enc_req_cb

i.ll_enc_handle_slave_pause_enc_resp_cb
                0x000039f6       0x10
 i.ll_enc_handle_slave_pause_enc_resp_cb
                0x000039f6       0x10 C:\Program Files (x86)\Cypress\PSoC Creator\3.2\PSoC Creator\psoc\content\cycomponentlibrary\CyComponentLibrary.cylib\BLE_v2_0\Library\gccCyBLEStack_BLE_SOC_PERIPHERAL.a(ll_connection.o)
                0x000039f6                ll_enc_handle_slave_pause_enc_resp_cb

i.ll_enc_handle_slave_reject_ind_ack_cb
                0x00003a06       0x22
 i.ll_enc_handle_slave_reject_ind_ack_cb
                0x00003a06       0x22 C:\Program Files (x86)\Cypress\PSoC Creator\3.2\PSoC Creator\psoc\content\cycomponentlibrary\CyComponentLibrary.cylib\BLE_v2_0\Library\gccCyBLEStack_BLE_SOC_PERIPHERAL.a(ll_connection.o)
                0x00003a06                ll_enc_handle_slave_reject_ind_ack_cb

i.ll_enc_handle_slave_start_enc_resp_ack_cb
                0x00003a28        0x8
 i.ll_enc_handle_slave_start_enc_resp_ack_cb
                0x00003a28        0x8 C:\Program Files (x86)\Cypress\PSoC Creator\3.2\PSoC Creator\psoc\content\cycomponentlibrary\CyComponentLibrary.cylib\BLE_v2_0\Library\gccCyBLEStack_BLE_SOC_PERIPHERAL.a(ll_connection.o)
                0x00003a28                ll_enc_handle_slave_start_enc_resp_ack_cb

i.ll_enc_handle_slave_start_enc_resp_cb
                0x00003a30       0x34
 i.ll_enc_handle_slave_start_enc_resp_cb
                0x00003a30       0x34 C:\Program Files (x86)\Cypress\PSoC Creator\3.2\PSoC Creator\psoc\content\cycomponentlibrary\CyComponentLibrary.cylib\BLE_v2_0\Library\gccCyBLEStack_BLE_SOC_PERIPHERAL.a(ll_connection.o)
                0x00003a30                ll_enc_handle_slave_start_enc_resp_cb

i.ll_enc_send_start_encryption_request
                0x00003a64       0x38
 i.ll_enc_send_start_encryption_request
                0x00003a64       0x38 C:\Program Files (x86)\Cypress\PSoC Creator\3.2\PSoC Creator\psoc\content\cycomponentlibrary\CyComponentLibrary.cylib\BLE_v2_0\Library\gccCyBLEStack_BLE_SOC_PERIPHERAL.a(ll_connection.o)
                0x00003a64                ll_enc_send_start_encryption_request

i.ll_extract_pdu_opcode
                0x00003a9c        0x4
 i.ll_extract_pdu_opcode
                0x00003a9c        0x4 C:\Program Files (x86)\Cypress\PSoC Creator\3.2\PSoC Creator\psoc\content\cycomponentlibrary\CyComponentLibrary.cylib\BLE_v2_0\Library\gccCyBLEStack_BLE_SOC_PERIPHERAL.a(ll_connection.o)
                0x00003a9c                ll_extract_pdu_opcode

i.ll_fsm_handle_conn_established_ind
                0x00003aa0       0x7c
 i.ll_fsm_handle_conn_established_ind
                0x00003aa0       0x7c C:\Program Files (x86)\Cypress\PSoC Creator\3.2\PSoC Creator\psoc\content\cycomponentlibrary\CyComponentLibrary.cylib\BLE_v2_0\Library\gccCyBLEStack_BLE_SOC_PERIPHERAL.a(ll_connection.o)
                0x00003aa0                ll_fsm_handle_conn_established_ind

i.ll_fsm_handle_conn_failure_ind
                0x00003b1c        0xc
 i.ll_fsm_handle_conn_failure_ind
                0x00003b1c        0xc C:\Program Files (x86)\Cypress\PSoC Creator\3.2\PSoC Creator\psoc\content\cycomponentlibrary\CyComponentLibrary.cylib\BLE_v2_0\Library\gccCyBLEStack_BLE_SOC_PERIPHERAL.a(ll_connection.o)
                0x00003b1c                ll_fsm_handle_conn_failure_ind

i.ll_fsm_handle_disconnecting_state
                0x00003b28       0x16
 i.ll_fsm_handle_disconnecting_state
                0x00003b28       0x16 C:\Program Files (x86)\Cypress\PSoC Creator\3.2\PSoC Creator\psoc\content\cycomponentlibrary\CyComponentLibrary.cylib\BLE_v2_0\Library\gccCyBLEStack_BLE_SOC_PERIPHERAL.a(ll_connection.o)
                0x00003b28                ll_fsm_handle_disconnecting_state

i.ll_fsm_handle_end_of_conn_interval
                0x00003b40       0x30
 i.ll_fsm_handle_end_of_conn_interval
                0x00003b40       0x30 C:\Program Files (x86)\Cypress\PSoC Creator\3.2\PSoC Creator\psoc\content\cycomponentlibrary\CyComponentLibrary.cylib\BLE_v2_0\Library\gccCyBLEStack_BLE_SOC_PERIPHERAL.a(ll_connection.o)
                0x00003b40                ll_fsm_handle_end_of_conn_interval

i.ll_fsm_handle_pdu_response_timeout
                0x00003b70       0x20
 i.ll_fsm_handle_pdu_response_timeout
                0x00003b70       0x20 C:\Program Files (x86)\Cypress\PSoC Creator\3.2\PSoC Creator\psoc\content\cycomponentlibrary\CyComponentLibrary.cylib\BLE_v2_0\Library\gccCyBLEStack_BLE_SOC_PERIPHERAL.a(ll_connection.o)